Archive member included to satisfy reference by file (symbol)

/usr/lib/gcc/arm-none-eabi/9.2.1/thumb/v6-m/nofp/libgcc.a(_dvmd_tls.o)
                              CMakeFiles/firmware.dir/home/ryzerth/pico-sdk/src/rp2_common/pico_divider/divider.S.obj (__aeabi_idiv0)
/usr/lib/gcc/arm-none-eabi/9.2.1/../../../arm-none-eabi/lib/thumb/v6-m/nofp/libc.a(lib_a-atexit.o)
                              /usr/lib/gcc/arm-none-eabi/9.2.1/../../../arm-none-eabi/lib/thumb/v6-m/nofp/crt0.o (atexit)
/usr/lib/gcc/arm-none-eabi/9.2.1/../../../arm-none-eabi/lib/thumb/v6-m/nofp/libc.a(lib_a-calloc.o)
                              CMakeFiles/firmware.dir/home/ryzerth/pico-sdk/src/rp2_common/pico_malloc/pico_malloc.c.obj (calloc)
/usr/lib/gcc/arm-none-eabi/9.2.1/../../../arm-none-eabi/lib/thumb/v6-m/nofp/libc.a(lib_a-callocr.o)
                              /usr/lib/gcc/arm-none-eabi/9.2.1/../../../arm-none-eabi/lib/thumb/v6-m/nofp/libc.a(lib_a-calloc.o) (_calloc_r)
/usr/lib/gcc/arm-none-eabi/9.2.1/../../../arm-none-eabi/lib/thumb/v6-m/nofp/libc.a(lib_a-fini.o)
                              /usr/lib/gcc/arm-none-eabi/9.2.1/../../../arm-none-eabi/lib/thumb/v6-m/nofp/crt0.o (__libc_fini_array)
/usr/lib/gcc/arm-none-eabi/9.2.1/../../../arm-none-eabi/lib/thumb/v6-m/nofp/libc.a(lib_a-impure.o)
                              /usr/lib/gcc/arm-none-eabi/9.2.1/../../../arm-none-eabi/lib/thumb/v6-m/nofp/libc.a(lib_a-calloc.o) (_impure_ptr)
/usr/lib/gcc/arm-none-eabi/9.2.1/../../../arm-none-eabi/lib/thumb/v6-m/nofp/libc.a(lib_a-init.o)
                              /usr/lib/gcc/arm-none-eabi/9.2.1/../../../arm-none-eabi/lib/thumb/v6-m/nofp/crt0.o (__libc_init_array)
/usr/lib/gcc/arm-none-eabi/9.2.1/../../../arm-none-eabi/lib/thumb/v6-m/nofp/libc.a(lib_a-malloc.o)
                              CMakeFiles/firmware.dir/home/ryzerth/pico-sdk/src/rp2_common/pico_malloc/pico_malloc.c.obj (malloc)
/usr/lib/gcc/arm-none-eabi/9.2.1/../../../arm-none-eabi/lib/thumb/v6-m/nofp/libc.a(lib_a-mallocr.o)
                              /usr/lib/gcc/arm-none-eabi/9.2.1/../../../arm-none-eabi/lib/thumb/v6-m/nofp/libc.a(lib_a-callocr.o) (_malloc_r)
/usr/lib/gcc/arm-none-eabi/9.2.1/../../../arm-none-eabi/lib/thumb/v6-m/nofp/libc.a(lib_a-mlock.o)
                              /usr/lib/gcc/arm-none-eabi/9.2.1/../../../arm-none-eabi/lib/thumb/v6-m/nofp/libc.a(lib_a-mallocr.o) (__malloc_lock)
/usr/lib/gcc/arm-none-eabi/9.2.1/../../../arm-none-eabi/lib/thumb/v6-m/nofp/libc.a(lib_a-sbrkr.o)
                              /usr/lib/gcc/arm-none-eabi/9.2.1/../../../arm-none-eabi/lib/thumb/v6-m/nofp/libc.a(lib_a-mallocr.o) (_sbrk_r)
/usr/lib/gcc/arm-none-eabi/9.2.1/../../../arm-none-eabi/lib/thumb/v6-m/nofp/libc.a(lib_a-strlen-stub.o)
                              CMakeFiles/firmware.dir/home/ryzerth/pico-sdk/src/rp2_common/pico_stdio/stdio.c.obj (strlen)
/usr/lib/gcc/arm-none-eabi/9.2.1/../../../arm-none-eabi/lib/thumb/v6-m/nofp/libc.a(lib_a-__atexit.o)
                              /usr/lib/gcc/arm-none-eabi/9.2.1/../../../arm-none-eabi/lib/thumb/v6-m/nofp/libc.a(lib_a-atexit.o) (__register_exitproc)
/usr/lib/gcc/arm-none-eabi/9.2.1/../../../arm-none-eabi/lib/thumb/v6-m/nofp/libc.a(lib_a-freer.o)
                              /usr/lib/gcc/arm-none-eabi/9.2.1/../../../arm-none-eabi/lib/thumb/v6-m/nofp/libc.a(lib_a-malloc.o) (_free_r)
/usr/lib/gcc/arm-none-eabi/9.2.1/../../../arm-none-eabi/lib/thumb/v6-m/nofp/libc.a(lib_a-reent.o)
                              /usr/lib/gcc/arm-none-eabi/9.2.1/../../../arm-none-eabi/lib/thumb/v6-m/nofp/libc.a(lib_a-sbrkr.o) (errno)

Allocating common symbols
Common symbol       size              file

sf_table            0x100             CMakeFiles/firmware.dir/home/ryzerth/pico-sdk/src/rp2_common/pico_float/float_init_rom.c.obj
errno               0x4               /usr/lib/gcc/arm-none-eabi/9.2.1/../../../arm-none-eabi/lib/thumb/v6-m/nofp/libc.a(lib_a-reent.o)
_usbd_qdef_buf      0xc0              CMakeFiles/firmware.dir/home/ryzerth/pico-sdk/lib/tinyusb/src/device/usbd.c.obj
sd_table            0x100             CMakeFiles/firmware.dir/home/ryzerth/pico-sdk/src/rp2_common/pico_double/double_init_rom.c.obj
uart_char_to_line_feed
                    0x4               CMakeFiles/firmware.dir/home/ryzerth/pico-sdk/src/rp2_common/hardware_uart/uart.c.obj

Discarded input sections

 .text          0x0000000000000000        0x0 /usr/lib/gcc/arm-none-eabi/9.2.1/thumb/v6-m/nofp/crti.o
 .data          0x0000000000000000        0x0 /usr/lib/gcc/arm-none-eabi/9.2.1/thumb/v6-m/nofp/crti.o
 .bss           0x0000000000000000        0x0 /usr/lib/gcc/arm-none-eabi/9.2.1/thumb/v6-m/nofp/crti.o
 .data          0x0000000000000000        0x4 /usr/lib/gcc/arm-none-eabi/9.2.1/thumb/v6-m/nofp/crtbegin.o
 .fini_array    0x0000000000000000        0x4 /usr/lib/gcc/arm-none-eabi/9.2.1/thumb/v6-m/nofp/crtbegin.o
 .text          0x0000000000000000       0x74 /usr/lib/gcc/arm-none-eabi/9.2.1/../../../arm-none-eabi/lib/thumb/v6-m/nofp/crt0.o
[...]
Memory Configuration

Name             Origin             Length             Attributes
FLASH            0x0000000010000000 0x0000000000200000 xr
RAM              0x0000000020000000 0x0000000000040000 xrw
SCRATCH_X        0x0000000020040000 0x0000000000001000 xrw
SCRATCH_Y        0x0000000020041000 0x0000000000001000 xrw
*default*        0x0000000000000000 0xffffffffffffffff

Linker script and memory map

LOAD /usr/lib/gcc/arm-none-eabi/9.2.1/thumb/v6-m/nofp/crti.o
LOAD /usr/lib/gcc/arm-none-eabi/9.2.1/thumb/v6-m/nofp/crtbegin.o
LOAD /usr/lib/gcc/arm-none-eabi/9.2.1/../../../arm-none-eabi/lib/thumb/v6-m/nofp/crt0.o

.flash_begin    0x0000000010000000        0x0
                0x0000000010000000                __flash_binary_start = .

.boot2          0x0000000010000000      0x100
                0x0000000010000000                __boot2_start__ = .
 *(.boot2)
 .boot2         0x0000000010000000      0x100 /tmp/cc06O5Ov.o
                0x0000000010000100                __boot2_end__ = .
                0x0000000000000001                ASSERT (((__boot2_end__ - __boot2_start__) == 0x100), ERROR: Pico second stage bootloader must be 256 bytes in size)

.text           0x0000000010000100     0x21e0
                0x0000000010000100                __logical_binary_start = .
 *(.vectors)
 .vectors       0x0000000010000100       0xd4 CMakeFiles/firmware.dir/home/ryzerth/pico-sdk/src/rp2_common/pico_standard_link/crt0.S.obj
                0x0000000010000100                __vectors
                0x0000000010000100                __VECTOR_TABLE
                0x00000000100001c0                isr_invalid
                0x00000000100001c0                __default_isrs_start
                0x00000000100001c2                isr_nmi
                0x00000000100001c4                isr_hardfault
                0x00000000100001c6                isr_svcall
                0x00000000100001c8                isr_pendsv
                0x00000000100001ca                isr_systick
                0x00000000100001cc                isr_irq30
                0x00000000100001cc                __unhandled_user_irq
                0x00000000100001cc                isr_irq13
                0x00000000100001cc                isr_irq27
                0x00000000100001cc                isr_irq31
                0x00000000100001cc                isr_irq5
                0x00000000100001cc                isr_irq11
                0x00000000100001cc                isr_irq23
                0x00000000100001cc                isr_irq18
                0x00000000100001cc                isr_irq28
                0x00000000100001cc                isr_irq19
                0x00000000100001cc                isr_irq0
                0x00000000100001cc                isr_irq6
                0x00000000100001cc                isr_irq22
                0x00000000100001cc                isr_irq17
                0x00000000100001cc                isr_irq14
                0x00000000100001cc                isr_irq2
                0x00000000100001cc                isr_irq10
                0x00000000100001cc                isr_irq8
                0x00000000100001cc                isr_irq24
                0x00000000100001cc                isr_irq1
                0x00000000100001cc                isr_irq7
                0x00000000100001cc                isr_irq21
                0x00000000100001cc                isr_irq20
                0x00000000100001cc                isr_irq15
                0x00000000100001cc                isr_irq25
                0x00000000100001cc                isr_irq4
                0x00000000100001cc                isr_irq16
                0x00000000100001cc                isr_irq29
                0x00000000100001cc                isr_irq26
                0x00000000100001cc                __default_isrs_end
                0x00000000100001cc                isr_irq3
                0x00000000100001cc                isr_irq12
                0x00000000100001cc                isr_irq9
                0x00000000100001d2                unhandled_user_irq_num_in_r0
 *(.binary_info_header)
 .binary_info_header
                0x00000000100001d4       0x14 CMakeFiles/firmware.dir/home/ryzerth/pico-sdk/src/rp2_common/pico_standard_link/crt0.S.obj
                0x00000000100001e8                __binary_info_header_end = .
 *(.reset)
 .reset         0x00000000100001e8       0xa8 CMakeFiles/firmware.dir/home/ryzerth/pico-sdk/src/rp2_common/pico_standard_link/crt0.S.obj
                0x00000000100001e8                _entry_point
                0x0000000010000266                __get_current_exception
 .reset         0x0000000010000290       0x30 CMakeFiles/firmware.dir/home/ryzerth/pico-sdk/src/rp2_common/pico_standard_link/binary_info.c.obj
 *(.init)
 .init          0x00000000100002c0        0x4 /usr/lib/gcc/arm-none-eabi/9.2.1/thumb/v6-m/nofp/crti.o
                0x00000000100002c0                _init
 *(EXCLUDE_FILE(*libm.a: *libc.a:*lib_a-mem*.o *libgcc.a:) .text*)
 .text          0x00000000100002c4       0x98 /usr/lib/gcc/arm-none-eabi/9.2.1/thumb/v6-m/nofp/crtbegin.o
 .text.startup.main
                0x000000001000035c       0x94 CMakeFiles/firmware.dir/src/main.cpp.obj
                0x000000001000035c                main
 .text._ZN6ST77896DriverC2EP8spi_instiiiiiii
                0x00000000100003f0       0x6c CMakeFiles/firmware.dir/lib/st7789.cpp.obj
                0x00000000100003f0                ST7789::Driver::Driver(spi_inst*, int, int, int, int, int, int, int)
                0x00000000100003f0                ST7789::Driver::Driver(spi_inst*, int, int, int, int, int, int, int)
 .text._ZN6ST77896Driver5resetENS_9ResetTypeE
                0x000000001000045c       0x54 CMakeFiles/firmware.dir/lib/st7789.cpp.obj
                0x000000001000045c                ST7789::Driver::reset(ST7789::ResetType)
 .text._ZN6ST77896Driver8setSleepEb
                0x00000000100004b0       0x60 CMakeFiles/firmware.dir/lib/st7789.cpp.obj
                0x00000000100004b0                ST7789::Driver::setSleep(bool)
 .text._ZN6ST77896Driver10setPartialEb
                0x0000000010000510       0x34 CMakeFiles/firmware.dir/lib/st7789.cpp.obj
                0x0000000010000510                ST7789::Driver::setPartial(bool)
 .text._ZN6ST77896Driver11setInvertedEb
                0x0000000010000544       0x34 CMakeFiles/firmware.dir/lib/st7789.cpp.obj
                0x0000000010000544                ST7789::Driver::setInverted(bool)
 .text._ZN6ST77896Driver8setBlankEb
                0x0000000010000578       0x34 CMakeFiles/firmware.dir/lib/st7789.cpp.obj
                0x0000000010000578                ST7789::Driver::setBlank(bool)
 .text._ZN6ST77896Driver7setIdleEb
                0x00000000100005ac       0x34 CMakeFiles/firmware.dir/lib/st7789.cpp.obj
                0x00000000100005ac                ST7789::Driver::setIdle(bool)
 .text.gpio_set_function
                0x00000000100005e0       0x30 CMakeFiles/firmware.dir/home/ryzerth/pico-sdk/src/rp2_common/hardware_gpio/gpio.c.obj
                0x00000000100005e0                gpio_set_function
 .text.gpio_init
                0x0000000010000610       0x3c CMakeFiles/firmware.dir/home/ryzerth/pico-sdk/src/rp2_common/hardware_gpio/gpio.c.obj
                0x0000000010000610                gpio_init
 .text.hw_claim_or_assert
                0x000000001000064c       0x48 CMakeFiles/firmware.dir/home/ryzerth/pico-sdk/src/rp2_common/hardware_claim/claim.c.obj
                0x000000001000064c                hw_claim_or_assert
 .text.running_on_fpga
                0x0000000010000694       0x10 CMakeFiles/firmware.dir/home/ryzerth/pico-sdk/src/rp2_common/pico_platform/platform.c.obj
                0x0000000010000694                running_on_fpga
 .text.spin_locks_reset
                0x00000000100006a4       0x1c CMakeFiles/firmware.dir/home/ryzerth/pico-sdk/src/rp2_common/hardware_sync/sync.c.obj
                0x00000000100006a4                spin_locks_reset
 .text.next_striped_spin_lock_num
                0x00000000100006c0       0x18 CMakeFiles/firmware.dir/home/ryzerth/pico-sdk/src/rp2_common/hardware_sync/sync.c.obj
                0x00000000100006c0                next_striped_spin_lock_num
 .text.timer_pool_entry_comparator
                0x00000000100006d8       0x34 CMakeFiles/firmware.dir/home/ryzerth/pico-sdk/src/common/pico_time/time.c.obj
                0x00000000100006d8                timer_pool_entry_comparator
 .text.sleep_until_callback
                0x000000001000070c       0x30 CMakeFiles/firmware.dir/home/ryzerth/pico-sdk/src/common/pico_time/time.c.obj
 .text.alarm_pool_add_alarm_at.constprop.0
                0x000000001000073c      0x128 CMakeFiles/firmware.dir/home/ryzerth/pico-sdk/src/common/pico_time/time.c.obj
 .text.add_alarm_under_lock
                0x0000000010000864      0x108 CMakeFiles/firmware.dir/home/ryzerth/pico-sdk/src/common/pico_time/time.c.obj
 .text.alarm_pool_alarm_callback
                0x000000001000096c      0x1c8 CMakeFiles/firmware.dir/home/ryzerth/pico-sdk/src/common/pico_time/time.c.obj
 .text.alarm_pool_init_default
                0x0000000010000b34       0x64 CMakeFiles/firmware.dir/home/ryzerth/pico-sdk/src/common/pico_time/time.c.obj
                0x0000000010000b34                alarm_pool_init_default
 .text.sleep_until
                0x0000000010000b98       0xac CMakeFiles/firmware.dir/home/ryzerth/pico-sdk/src/common/pico_time/time.c.obj
                0x0000000010000b98                sleep_until
 .text.sleep_us
                0x0000000010000c44       0x30 CMakeFiles/firmware.dir/home/ryzerth/pico-sdk/src/common/pico_time/time.c.obj
                0x0000000010000c44                sleep_us
 .text.sleep_ms
                0x0000000010000c74       0x38 CMakeFiles/firmware.dir/home/ryzerth/pico-sdk/src/common/pico_time/time.c.obj
                0x0000000010000c74                sleep_ms
 .text.hardware_alarm_irq_handler
                0x0000000010000cac       0xb8 CMakeFiles/firmware.dir/home/ryzerth/pico-sdk/src/rp2_common/hardware_timer/timer.c.obj
 .text.hardware_alarm_claim
                0x0000000010000d64       0x18 CMakeFiles/firmware.dir/home/ryzerth/pico-sdk/src/rp2_common/hardware_timer/timer.c.obj
                0x0000000010000d64                hardware_alarm_claim
 .text.time_us_64
                0x0000000010000d7c       0x14 CMakeFiles/firmware.dir/home/ryzerth/pico-sdk/src/rp2_common/hardware_timer/timer.c.obj
                0x0000000010000d7c                time_us_64
 .text.busy_wait_until
                0x0000000010000d90       0x20 CMakeFiles/firmware.dir/home/ryzerth/pico-sdk/src/rp2_common/hardware_timer/timer.c.obj
                0x0000000010000d90                busy_wait_until
 .text.hardware_alarm_set_callback
                0x0000000010000db0       0x8c CMakeFiles/firmware.dir/home/ryzerth/pico-sdk/src/rp2_common/hardware_timer/timer.c.obj
                0x0000000010000db0                hardware_alarm_set_callback
 .text.hardware_alarm_set_target
                0x0000000010000e3c       0xe4 CMakeFiles/firmware.dir/home/ryzerth/pico-sdk/src/rp2_common/hardware_timer/timer.c.obj
                0x0000000010000e3c                hardware_alarm_set_target
 .text.hardware_alarm_cancel
                0x0000000010000f20       0x40 CMakeFiles/firmware.dir/home/ryzerth/pico-sdk/src/rp2_common/hardware_timer/timer.c.obj
                0x0000000010000f20                hardware_alarm_cancel
 .text.lock_init
                0x0000000010000f60       0x10 CMakeFiles/firmware.dir/home/ryzerth/pico-sdk/src/common/pico_sync/lock_core.c.obj
                0x0000000010000f60                lock_init
 .text.mutex_init
                0x0000000010000f70       0x1c CMakeFiles/firmware.dir/home/ryzerth/pico-sdk/src/common/pico_sync/mutex.c.obj
                0x0000000010000f70                mutex_init
 .text.recursive_mutex_init
                0x0000000010000f8c       0x1c CMakeFiles/firmware.dir/home/ryzerth/pico-sdk/src/common/pico_sync/mutex.c.obj
                0x0000000010000f8c                recursive_mutex_init
 .text.ph_merge_nodes
                0x0000000010000fa8       0x68 CMakeFiles/firmware.dir/home/ryzerth/pico-sdk/src/common/pico_util/pheap.c.obj
 .text.ph_post_alloc_init
                0x0000000010001010       0x3c CMakeFiles/firmware.dir/home/ryzerth/pico-sdk/src/common/pico_util/pheap.c.obj
                0x0000000010001010                ph_post_alloc_init
 .text.ph_merge_two_pass
                0x000000001000104c       0x90 CMakeFiles/firmware.dir/home/ryzerth/pico-sdk/src/common/pico_util/pheap.c.obj
                0x000000001000104c                ph_merge_two_pass
 .text.ph_remove_any_head
                0x00000000100010dc       0xf8 CMakeFiles/firmware.dir/home/ryzerth/pico-sdk/src/common/pico_util/pheap.c.obj
 .text.ph_remove_head
                0x00000000100011d4      0x13c CMakeFiles/firmware.dir/home/ryzerth/pico-sdk/src/common/pico_util/pheap.c.obj
                0x00000000100011d4                ph_remove_head
 .text.ph_remove_and_free_node
                0x0000000010001310       0x7c CMakeFiles/firmware.dir/home/ryzerth/pico-sdk/src/common/pico_util/pheap.c.obj
                0x0000000010001310                ph_remove_and_free_node
 .text.runtime_init
                0x000000001000138c       0xf0 CMakeFiles/firmware.dir/home/ryzerth/pico-sdk/src/rp2_common/pico_runtime/runtime.c.obj
                0x000000001000138c                runtime_init
 .text.exit     0x000000001000147c        0x4 CMakeFiles/firmware.dir/home/ryzerth/pico-sdk/src/rp2_common/pico_runtime/runtime.c.obj
                0x000000001000147c                exit
 .text.panic    0x0000000010001480       0x30 CMakeFiles/firmware.dir/home/ryzerth/pico-sdk/src/rp2_common/pico_runtime/runtime.c.obj
                0x0000000010001480                panic
 .text.hard_assertion_failure
                0x00000000100014b0        0xc CMakeFiles/firmware.dir/home/ryzerth/pico-sdk/src/rp2_common/pico_runtime/runtime.c.obj
                0x00000000100014b0                hard_assertion_failure
 .text.clocks_init
                0x00000000100014bc      0x2bc CMakeFiles/firmware.dir/home/ryzerth/pico-sdk/src/rp2_common/hardware_clocks/clocks.c.obj
                0x00000000100014bc                clocks_init
 .text.clock_get_hz
                0x0000000010001778        0xc CMakeFiles/firmware.dir/home/ryzerth/pico-sdk/src/rp2_common/hardware_clocks/clocks.c.obj
                0x0000000010001778                clock_get_hz
 .text.irq_set_enabled
                0x0000000010001784       0x24 CMakeFiles/firmware.dir/home/ryzerth/pico-sdk/src/rp2_common/hardware_irq/irq.c.obj
                0x0000000010001784                irq_set_enabled
 .text.irq_get_vtable_handler
                0x00000000100017a8       0x10 CMakeFiles/firmware.dir/home/ryzerth/pico-sdk/src/rp2_common/hardware_irq/irq.c.obj
                0x00000000100017a8                irq_get_vtable_handler
 .text.irq_set_exclusive_handler
                0x00000000100017b8       0x54 CMakeFiles/firmware.dir/home/ryzerth/pico-sdk/src/rp2_common/hardware_irq/irq.c.obj
                0x00000000100017b8                irq_set_exclusive_handler
 .text.irq_remove_handler
                0x000000001000180c      0x1b8 CMakeFiles/firmware.dir/home/ryzerth/pico-sdk/src/rp2_common/hardware_irq/irq.c.obj
                0x000000001000180c                irq_remove_handler
 .text.irq_add_tail_to_free_list
                0x00000000100019c4       0xb8 CMakeFiles/firmware.dir/home/ryzerth/pico-sdk/src/rp2_common/hardware_irq/irq.c.obj
                0x00000000100019c4                irq_add_tail_to_free_list
 .text.irq_init_priorities
                0x0000000010001a7c       0x24 CMakeFiles/firmware.dir/home/ryzerth/pico-sdk/src/rp2_common/hardware_irq/irq.c.obj
                0x0000000010001a7c                irq_init_priorities
 .text.pll_init
                0x0000000010001aa0       0xa4 CMakeFiles/firmware.dir/home/ryzerth/pico-sdk/src/rp2_common/hardware_pll/pll.c.obj
                0x0000000010001aa0                pll_init
 .text.watchdog_start_tick
                0x0000000010001b44       0x10 CMakeFiles/firmware.dir/home/ryzerth/pico-sdk/src/rp2_common/hardware_watchdog/watchdog.c.obj
                0x0000000010001b44                watchdog_start_tick
 .text.xosc_init
                0x0000000010001b54       0x28 CMakeFiles/firmware.dir/home/ryzerth/pico-sdk/src/rp2_common/hardware_xosc/xosc.c.obj
                0x0000000010001b54                xosc_init
 .text._out_char
                0x0000000010001b7c       0x10 CMakeFiles/firmware.dir/home/ryzerth/pico-sdk/src/rp2_common/pico_printf/printf.c.obj
 .text.weak_raw_vprintf
                0x0000000010001b8c       0x30 CMakeFiles/firmware.dir/home/ryzerth/pico-sdk/src/rp2_common/pico_printf/printf.c.obj
                0x0000000010001b8c                weak_raw_vprintf
 .text          0x0000000010001bbc       0x10 CMakeFiles/firmware.dir/home/ryzerth/pico-sdk/src/rp2_common/pico_bit_ops/bit_ops_aeabi.S.obj
 .text.rom_func_lookup
                0x0000000010001bcc       0x10 CMakeFiles/firmware.dir/home/ryzerth/pico-sdk/src/rp2_common/pico_bootrom/bootrom.c.obj
                0x0000000010001bcc                rom_func_lookup
 .text.rom_data_lookup
                0x0000000010001bdc       0x10 CMakeFiles/firmware.dir/home/ryzerth/pico-sdk/src/rp2_common/pico_bootrom/bootrom.c.obj
                0x0000000010001bdc                rom_data_lookup
 .text.rom_funcs_lookup
                0x0000000010001bec       0x3c CMakeFiles/firmware.dir/home/ryzerth/pico-sdk/src/rp2_common/pico_bootrom/bootrom.c.obj
                0x0000000010001bec                rom_funcs_lookup
 .text.__wrap___aeabi_uidiv
                0x0000000010001c28       0x4c CMakeFiles/firmware.dir/home/ryzerth/pico-sdk/src/rp2_common/pico_divider/divider.S.obj
                0x0000000010001c28                __wrap___aeabi_uidiv
                0x0000000010001c28                __wrap___aeabi_uidivmod
                0x0000000010001c28                div_u32u32
                0x0000000010001c28                divmod_u32u32
                0x0000000010001c30                divmod_u32u32_unsafe
                0x0000000010001c58                divmod_u32u32_savestate
 .text.__aeabi_double_init
                0x0000000010001c74       0xc0 CMakeFiles/firmware.dir/home/ryzerth/pico-sdk/src/rp2_common/pico_double/double_init_rom.c.obj
                0x0000000010001c74                __aeabi_double_init
 .text.double_table_shim_on_use_helper
                0x0000000010001d34       0x2c CMakeFiles/firmware.dir/home/ryzerth/pico-sdk/src/rp2_common/pico_double/double_v1_rom_shim.S.obj
                0x0000000010001d34                double_table_shim_on_use_helper
 .text.__aeabi_lmul
                0x0000000010001d60       0x32 CMakeFiles/firmware.dir/home/ryzerth/pico-sdk/src/rp2_common/pico_int64_ops/pico_int64_ops_aeabi.S.obj
                0x0000000010001d60                __wrap___aeabi_lmul
 *fill*         0x0000000010001d92        0x2 
 .text.__aeabi_float_init
                0x0000000010001d94       0x64 CMakeFiles/firmware.dir/home/ryzerth/pico-sdk/src/rp2_common/pico_float/float_init_rom.c.obj
                0x0000000010001d94                __aeabi_float_init
 .text.float_table_shim_on_use_helper
                0x0000000010001df8       0x2c CMakeFiles/firmware.dir/home/ryzerth/pico-sdk/src/rp2_common/pico_float/float_v1_rom_shim.S.obj
                0x0000000010001df8                float_table_shim_on_use_helper
 .text          0x0000000010001e24       0x10 CMakeFiles/firmware.dir/home/ryzerth/pico-sdk/src/rp2_common/pico_mem_ops/mem_ops_aeabi.S.obj
                0x0000000010001e24                __aeabi_mem_init
 .text.memset   0x0000000010001e34        0xc CMakeFiles/firmware.dir/home/ryzerth/pico-sdk/src/rp2_common/pico_mem_ops/mem_ops_aeabi.S.obj
                0x0000000010001e34                __wrap_memset
 .text.memcpy   0x0000000010001e40        0xc CMakeFiles/firmware.dir/home/ryzerth/pico-sdk/src/rp2_common/pico_mem_ops/mem_ops_aeabi.S.obj
                0x0000000010001e40                __wrap___aeabi_memcpy
                0x0000000010001e40                __wrap_memcpy
 .text.stdio_out_chars_no_crlf
                0x0000000010001e4c       0x10 CMakeFiles/firmware.dir/home/ryzerth/pico-sdk/src/rp2_common/pico_stdio/stdio.c.obj
 .text.stdio_out_chars_crlf
                0x0000000010001e5c       0x94 CMakeFiles/firmware.dir/home/ryzerth/pico-sdk/src/rp2_common/pico_stdio/stdio.c.obj
 .text.stdio_put_string
                0x0000000010001ef0      0x100 CMakeFiles/firmware.dir/home/ryzerth/pico-sdk/src/rp2_common/pico_stdio/stdio.c.obj
 .text.__wrap_putchar
                0x0000000010001ff0       0xa4 CMakeFiles/firmware.dir/home/ryzerth/pico-sdk/src/rp2_common/pico_stdio/stdio.c.obj
                0x0000000010001ff0                __wrap_putchar
 .text.__wrap_puts
                0x0000000010002094       0x3c CMakeFiles/firmware.dir/home/ryzerth/pico-sdk/src/rp2_common/pico_stdio/stdio.c.obj
                0x0000000010002094                __wrap_puts
 .text.startup._retrieve_unique_id_on_boot
                0x00000000100020d0       0x10 CMakeFiles/firmware.dir/home/ryzerth/pico-sdk/src/rp2_common/pico_unique_id/unique_id.c.obj
 .text.flash_get_unique_id
                0x00000000100020e0       0x40 CMakeFiles/firmware.dir/home/ryzerth/pico-sdk/src/rp2_common/hardware_flash/flash.c.obj
                0x00000000100020e0                flash_get_unique_id
 .text.spi_init
                0x0000000010002120       0xf4 CMakeFiles/firmware.dir/home/ryzerth/pico-sdk/src/rp2_common/hardware_spi/spi.c.obj
                0x0000000010002120                spi_init
 .text          0x0000000010002214       0x68 /usr/lib/gcc/arm-none-eabi/9.2.1/../../../arm-none-eabi/lib/thumb/v6-m/nofp/libc.a(lib_a-strlen-stub.o)
                0x0000000010002214                strlen
 *(.fini)
 .fini          0x000000001000227c        0x4 /usr/lib/gcc/arm-none-eabi/9.2.1/thumb/v6-m/nofp/crti.o
                0x000000001000227c                _fini
 .fini.__stub   0x0000000010002280       0x60 linker stubs
 *crtbegin.o(.ctors)
 *crtbegin?.o(.ctors)
 *(EXCLUDE_FILE(*crtend.o *crtend?.o) .ctors)
 *(SORT_BY_NAME(.ctors.*))
 *(.ctors)
 *crtbegin.o(.dtors)
 *crtbegin?.o(.dtors)
 *(EXCLUDE_FILE(*crtend.o *crtend?.o) .dtors)
 *(SORT_BY_NAME(.dtors.*))
 *(.dtors)
 *(.eh_frame*)
 .eh_frame      0x00000000100022e0        0x0 /usr/lib/gcc/arm-none-eabi/9.2.1/thumb/v6-m/nofp/crtbegin.o
                0x00000000100022e0                . = ALIGN (0x4)

.glue_7         0x00000000100022e0        0x0
 .glue_7        0x00000000100022e0        0x0 linker stubs

.glue_7t        0x00000000100022e0        0x0
 .glue_7t       0x00000000100022e0        0x0 linker stubs

.vfp11_veneer   0x00000000100022e0        0x0
 .vfp11_veneer  0x00000000100022e0        0x0 linker stubs

.v4_bx          0x00000000100022e0        0x0
 .v4_bx         0x00000000100022e0        0x0 linker stubs

.iplt           0x00000000100022e0        0x0
 .iplt          0x00000000100022e0        0x0 /usr/lib/gcc/arm-none-eabi/9.2.1/thumb/v6-m/nofp/crtbegin.o

.rodata         0x00000000100022e0       0xac
 *(EXCLUDE_FILE(*libm.a: *libc.a:*lib_a-mem*.o *libgcc.a:) .rodata*)
 .rodata.hardware_alarm_claim.str1.4
                0x00000000100022e0       0x22 CMakeFiles/firmware.dir/home/ryzerth/pico-sdk/src/rp2_common/hardware_timer/timer.c.obj
 *fill*         0x0000000010002302        0x2 
 .rodata.panic.str1.4
                0x0000000010002304       0x12 CMakeFiles/firmware.dir/home/ryzerth/pico-sdk/src/rp2_common/pico_runtime/runtime.c.obj
 *fill*         0x0000000010002316        0x2 
 .rodata.hard_assertion_failure.str1.4
                0x0000000010002318        0xc CMakeFiles/firmware.dir/home/ryzerth/pico-sdk/src/rp2_common/pico_runtime/runtime.c.obj
 .rodata.str1.4
                0x0000000010002324       0x40 CMakeFiles/firmware.dir/home/ryzerth/pico-sdk/src/rp2_common/pico_standard_link/binary_info.c.obj
 .rodata.__bi_44
                0x0000000010002364        0xc CMakeFiles/firmware.dir/home/ryzerth/pico-sdk/src/rp2_common/pico_standard_link/binary_info.c.obj
 .rodata.__bi_75
                0x0000000010002370        0xc CMakeFiles/firmware.dir/home/ryzerth/pico-sdk/src/rp2_common/pico_standard_link/binary_info.c.obj
 .rodata.__bi_81
                0x000000001000237c        0xc CMakeFiles/firmware.dir/home/ryzerth/pico-sdk/src/rp2_common/pico_standard_link/binary_info.c.obj
 .rodata.crlf_str.5904
                0x0000000010002388        0x2 CMakeFiles/firmware.dir/home/ryzerth/pico-sdk/src/rp2_common/pico_stdio/stdio.c.obj
                0x000000001000238c                . = ALIGN (0x4)
 *fill*         0x000000001000238a        0x2 
 *(SORT_BY_ALIGNMENT(SORT_BY_NAME(.flashdata*)))
                0x000000001000238c                . = ALIGN (0x4)

.rel.dyn        0x000000001000238c        0x0
 .rel.iplt      0x000000001000238c        0x0 /usr/lib/gcc/arm-none-eabi/9.2.1/thumb/v6-m/nofp/crtbegin.o

.ARM.extab
 *(.ARM.extab* .gnu.linkonce.armextab.*)
                0x000000001000238c                __exidx_start = .

.ARM.exidx
 *(.ARM.exidx* .gnu.linkonce.armexidx.*)
                0x000000001000238c                __exidx_end = .
                0x000000001000238c                . = ALIGN (0x4)
                0x000000001000238c                __binary_info_start = .

.binary_info    0x000000001000238c       0x1c
 *(.binary_info.keep.*)
 .binary_info.keep.__bi_ptr22
                0x000000001000238c        0x4 CMakeFiles/firmware.dir/home/ryzerth/pico-sdk/src/rp2_common/pico_standard_link/binary_info.c.obj
 .binary_info.keep.__bi_ptr30
                0x0000000010002390        0x4 CMakeFiles/firmware.dir/home/ryzerth/pico-sdk/src/rp2_common/pico_standard_link/binary_info.c.obj
 .binary_info.keep.__bi_ptr38
                0x0000000010002394        0x4 CMakeFiles/firmware.dir/home/ryzerth/pico-sdk/src/rp2_common/pico_standard_link/binary_info.c.obj
 .binary_info.keep.__bi_ptr44
                0x0000000010002398        0x4 CMakeFiles/firmware.dir/home/ryzerth/pico-sdk/src/rp2_common/pico_standard_link/binary_info.c.obj
 .binary_info.keep.__bi_ptr50
                0x000000001000239c        0x4 CMakeFiles/firmware.dir/home/ryzerth/pico-sdk/src/rp2_common/pico_standard_link/binary_info.c.obj
 .binary_info.keep.__bi_ptr75
                0x00000000100023a0        0x4 CMakeFiles/firmware.dir/home/ryzerth/pico-sdk/src/rp2_common/pico_standard_link/binary_info.c.obj
 .binary_info.keep.__bi_ptr81
                0x00000000100023a4        0x4 CMakeFiles/firmware.dir/home/ryzerth/pico-sdk/src/rp2_common/pico_standard_link/binary_info.c.obj
 *(.binary_info.*)
                0x00000000100023a8                __binary_info_end = .
                0x00000000100023a8                . = ALIGN (0x4)
                0x00000000100023a8                __etext = .

.ram_vector_table
                0x0000000020000000       0xc0
 *(.ram_vector_table)
 .ram_vector_table
                0x0000000020000000       0xc0 CMakeFiles/firmware.dir/home/ryzerth/pico-sdk/src/rp2_common/pico_runtime/runtime.c.obj
                0x0000000020000000                ram_vector_table

.data           0x00000000200000c0      0x300 load address 0x00000000100023a8
                0x00000000200000c0                __data_start__ = .
 *(vtable)
 *(.time_critical*)
 .time_critical.mutex_enter_blocking
                0x00000000200000c0       0x48 CMakeFiles/firmware.dir/home/ryzerth/pico-sdk/src/common/pico_sync/mutex.c.obj
                0x00000000200000c0                mutex_enter_blocking
 .time_critical.mutex_try_enter
                0x0000000020000108       0x48 CMakeFiles/firmware.dir/home/ryzerth/pico-sdk/src/common/pico_sync/mutex.c.obj
                0x0000000020000108                mutex_try_enter
 .time_critical.mutex_exit
                0x0000000020000150       0x28 CMakeFiles/firmware.dir/home/ryzerth/pico-sdk/src/common/pico_sync/mutex.c.obj
                0x0000000020000150                mutex_exit
 .time_critical.flash_init_boot2_copyout
                0x0000000020000178       0x30 CMakeFiles/firmware.dir/home/ryzerth/pico-sdk/src/rp2_common/hardware_flash/flash.c.obj
 .time_critical.flash_enable_xip_via_boot2
                0x00000000200001a8       0x10 CMakeFiles/firmware.dir/home/ryzerth/pico-sdk/src/rp2_common/hardware_flash/flash.c.obj
 .time_critical.flash_cs_force
                0x00000000200001b8       0x38 CMakeFiles/firmware.dir/home/ryzerth/pico-sdk/src/rp2_common/hardware_flash/flash.c.obj
 .time_critical.flash_do_cmd
                0x00000000200001f0       0xc4 CMakeFiles/firmware.dir/home/ryzerth/pico-sdk/src/rp2_common/hardware_flash/flash.c.obj
                0x00000000200001f0                flash_do_cmd
 .time_critical.spi_write_blocking
                0x00000000200002b4       0x4c CMakeFiles/firmware.dir/home/ryzerth/pico-sdk/src/rp2_common/hardware_spi/spi.c.obj
                0x00000000200002b4                spi_write_blocking
 *(.text*)
 .text          0x0000000020000300        0x4 /usr/lib/gcc/arm-none-eabi/9.2.1/thumb/v6-m/nofp/libgcc.a(_dvmd_tls.o)
                0x0000000020000300                __aeabi_ldiv0
                0x0000000020000300                __aeabi_idiv0
                0x0000000020000304                . = ALIGN (0x4)
 *(.rodata*)
                0x0000000020000304                . = ALIGN (0x4)
 *(.data*)
 .data.striped_spin_lock_num
                0x0000000020000304        0x1 CMakeFiles/firmware.dir/home/ryzerth/pico-sdk/src/rp2_common/hardware_sync/sync.c.obj
 *fill*         0x0000000020000305        0x3 
 .data.default_alarm_pool
                0x0000000020000308       0x18 CMakeFiles/firmware.dir/home/ryzerth/pico-sdk/src/common/pico_time/time.c.obj
 .data.default_alarm_pool_heap
                0x0000000020000320       0x10 CMakeFiles/firmware.dir/home/ryzerth/pico-sdk/src/common/pico_time/time.c.obj
 .data          0x0000000020000330       0x48 CMakeFiles/firmware.dir/home/ryzerth/pico-sdk/src/rp2_common/hardware_irq/irq_handler_chain.S.obj
                0x0000000020000330                irq_handler_chain_slots
                0x0000000020000360                irq_handler_chain_first_slot
                0x000000002000036a                irq_handler_chain_remove_tail
 *fill*         0x0000000020000378        0x8 
 .data.aeabi_bits_funcs
                0x0000000020000380       0x10 CMakeFiles/firmware.dir/home/ryzerth/pico-sdk/src/rp2_common/pico_bit_ops/bit_ops_aeabi.S.obj
                0x0000000020000380                aeabi_bits_funcs
                0x0000000020000390                aeabi_bits_funcs_end
 .data.aeabi_mem_funcs
                0x0000000020000390       0x10 CMakeFiles/firmware.dir/home/ryzerth/pico-sdk/src/rp2_common/pico_mem_ops/mem_ops_aeabi.S.obj
                0x0000000020000390                aeabi_mem_funcs
                0x00000000200003a0                aeabi_mem_funcs_end
                0x00000000200003a0                . = ALIGN (0x4)
 *(.after_data.*)
                0x00000000200003a0                . = ALIGN (0x4)
                0x00000000200003a0                PROVIDE (__mutex_array_start = .)
 *(SORT_BY_NAME(.mutex_array.*))
 *(.mutex_array)
 .mutex_array   0x00000000200003a0        0x8 CMakeFiles/firmware.dir/home/ryzerth/pico-sdk/src/rp2_common/pico_stdio/stdio.c.obj
                0x00000000200003a8                PROVIDE (__mutex_array_end = .)
                0x00000000200003a8                . = ALIGN (0x4)
                0x00000000200003a8                PROVIDE (__preinit_array_start = .)
 *(SORT_BY_NAME(.preinit_array.*))
 .preinit_array.00001
                0x00000000200003a8        0x4 CMakeFiles/firmware.dir/home/ryzerth/pico-sdk/src/rp2_common/pico_mem_ops/mem_ops_aeabi.S.obj
 .preinit_array.00010
                0x00000000200003ac        0x4 CMakeFiles/firmware.dir/home/ryzerth/pico-sdk/src/rp2_common/pico_bit_ops/bit_ops_aeabi.S.obj
 .preinit_array.00020
                0x00000000200003b0        0x4 CMakeFiles/firmware.dir/home/ryzerth/pico-sdk/src/rp2_common/pico_double/double_aeabi.S.obj
 .preinit_array.00020
                0x00000000200003b4        0x4 CMakeFiles/firmware.dir/home/ryzerth/pico-sdk/src/rp2_common/pico_float/float_aeabi.S.obj
 *(.preinit_array)
                0x00000000200003b8                PROVIDE (__preinit_array_end = .)
                0x00000000200003b8                . = ALIGN (0x4)
                0x00000000200003b8                PROVIDE (__init_array_start = .)
 *(SORT_BY_NAME(.init_array.*))
 *(.init_array)
 .init_array    0x00000000200003b8        0x4 /usr/lib/gcc/arm-none-eabi/9.2.1/thumb/v6-m/nofp/crtbegin.o
 .init_array    0x00000000200003bc        0x4 CMakeFiles/firmware.dir/home/ryzerth/pico-sdk/src/rp2_common/pico_unique_id/unique_id.c.obj
                0x00000000200003c0                PROVIDE (__init_array_end = .)
                0x00000000200003c0                . = ALIGN (0x4)
                0x00000000200003c0                PROVIDE (__fini_array_start = .)
 *(SORT_BY_NAME(.fini_array.*))
 *(.fini_array)
                0x00000000200003c0                PROVIDE (__fini_array_end = .)
 *(.jcr)
                0x00000000200003c0                . = ALIGN (0x4)
                0x00000000200003c0                __data_end__ = .

.tm_clone_table
                0x00000000200003c0        0x0 load address 0x00000000100026a8
 .tm_clone_table
                0x00000000200003c0        0x0 /usr/lib/gcc/arm-none-eabi/9.2.1/thumb/v6-m/nofp/crtbegin.o
 .tm_clone_table
                0x00000000200003c0        0x0 /usr/lib/gcc/arm-none-eabi/9.2.1/thumb/v6-m/nofp/crtend.o

.igot.plt       0x00000000200003c0        0x0 load address 0x00000000100026a8
 .igot.plt      0x00000000200003c0        0x0 /usr/lib/gcc/arm-none-eabi/9.2.1/thumb/v6-m/nofp/crtbegin.o

.uninitialized_data
                0x00000000200003c0        0x0 load address 0x00000000100026a8
                0x00000000200003c0                . = ALIGN (0x4)
 *(.uninitialized_data*)

.scratch_x      0x0000000020040000        0x0 load address 0x00000000100026a8
                0x0000000020040000                __scratch_x_start__ = .
 *(.scratch_x.*)
                0x0000000020040000                . = ALIGN (0x4)
                0x0000000020040000                __scratch_x_end__ = .
                0x00000000100026a8                __scratch_x_source__ = LOADADDR (.scratch_x)

.scratch_y      0x0000000020041000        0x0 load address 0x00000000100026a8
                0x0000000020041000                __scratch_y_start__ = .
 *(.scratch_y.*)
                0x0000000020041000                . = ALIGN (0x4)
                0x0000000020041000                __scratch_y_end__ = .
                0x00000000100026a8                __scratch_y_source__ = LOADADDR (.scratch_y)

.bss            0x00000000200003c0      0x4d4
                0x00000000200003c0                . = ALIGN (0x4)
                0x00000000200003c0                __bss_start__ = .
 *(SORT_BY_ALIGNMENT(SORT_BY_NAME(.bss*)))
 .bss.default_alarm_pool_entries
                0x00000000200003c0      0x100 CMakeFiles/firmware.dir/home/ryzerth/pico-sdk/src/common/pico_time/time.c.obj
 .bss           0x00000000200004c0       0x1c /usr/lib/gcc/arm-none-eabi/9.2.1/thumb/v6-m/nofp/crtbegin.o
 .bss.alarm_callbacks
                0x00000000200004dc       0x10 CMakeFiles/firmware.dir/home/ryzerth/pico-sdk/src/rp2_common/hardware_timer/timer.c.obj
 .bss.boot2_copyout
                0x00000000200004ec      0x100 CMakeFiles/firmware.dir/home/ryzerth/pico-sdk/src/rp2_common/hardware_flash/flash.c.obj
 .bss.configured_freq
                0x00000000200005ec       0x28 CMakeFiles/firmware.dir/home/ryzerth/pico-sdk/src/rp2_common/hardware_clocks/clocks.c.obj
 .bss.default_alarm_pool_entry_ids_high
                0x0000000020000614       0x10 CMakeFiles/firmware.dir/home/ryzerth/pico-sdk/src/common/pico_time/time.c.obj
 .bss.default_alarm_pool_heap_nodes
                0x0000000020000624       0x30 CMakeFiles/firmware.dir/home/ryzerth/pico-sdk/src/common/pico_time/time.c.obj
 .bss.drivers   0x0000000020000654        0x4 CMakeFiles/firmware.dir/home/ryzerth/pico-sdk/src/rp2_common/pico_stdio/stdio.c.obj
 .bss.filter    0x0000000020000658        0x4 CMakeFiles/firmware.dir/home/ryzerth/pico-sdk/src/rp2_common/pico_stdio/stdio.c.obj
 .bss.lazy_vsnprintf
                0x000000002000065c        0x4 CMakeFiles/firmware.dir/home/ryzerth/pico-sdk/src/rp2_common/pico_printf/printf.c.obj
 .bss.pools     0x0000000020000660       0x10 CMakeFiles/firmware.dir/home/ryzerth/pico-sdk/src/common/pico_time/time.c.obj
 .bss.retrieved_id
                0x0000000020000670        0x8 CMakeFiles/firmware.dir/home/ryzerth/pico-sdk/src/rp2_common/pico_unique_id/unique_id.c.obj
 .bss.sf_clz_func
                0x0000000020000678        0x4 CMakeFiles/firmware.dir/home/ryzerth/pico-sdk/src/rp2_common/pico_double/double_init_rom.c.obj
                0x0000000020000678                sf_clz_func
 .bss.sleep_notifier
                0x000000002000067c        0x4 CMakeFiles/firmware.dir/home/ryzerth/pico-sdk/src/common/pico_time/time.c.obj
 .bss.target_hi
                0x0000000020000680       0x10 CMakeFiles/firmware.dir/home/ryzerth/pico-sdk/src/rp2_common/hardware_timer/timer.c.obj
 .bss.boot2_copyout_valid
                0x0000000020000690        0x1 CMakeFiles/firmware.dir/home/ryzerth/pico-sdk/src/rp2_common/hardware_flash/flash.c.obj
 .bss.claimed   0x0000000020000691        0x1 CMakeFiles/firmware.dir/home/ryzerth/pico-sdk/src/rp2_common/hardware_timer/timer.c.obj
 .bss.irq_hander_chain_free_slot_head
                0x0000000020000692        0x1 CMakeFiles/firmware.dir/home/ryzerth/pico-sdk/src/rp2_common/hardware_irq/irq.c.obj
 .bss.timer_callbacks_pending
                0x0000000020000693        0x1 CMakeFiles/firmware.dir/home/ryzerth/pico-sdk/src/rp2_common/hardware_timer/timer.c.obj
 *(COMMON)
 COMMON         0x0000000020000694      0x100 CMakeFiles/firmware.dir/home/ryzerth/pico-sdk/src/rp2_common/pico_double/double_init_rom.c.obj
                0x0000000020000694                sd_table
 COMMON         0x0000000020000794      0x100 CMakeFiles/firmware.dir/home/ryzerth/pico-sdk/src/rp2_common/pico_float/float_init_rom.c.obj
                0x0000000020000794                sf_table
                0x0000000020000894                . = ALIGN (0x4)
                0x0000000020000894                __bss_end__ = .

.heap           0x0000000020000894      0x800
                0x0000000020000894                __end__ = .
                0x0000000020000894                end = __end__
 *(.heap*)
 .heap          0x0000000020000894      0x800 CMakeFiles/firmware.dir/home/ryzerth/pico-sdk/src/rp2_common/pico_standard_link/crt0.S.obj
                0x0000000020001094                __HeapLimit = .

.stack1_dummy   0x0000000020040000        0x0
 *(.stack1*)

.stack_dummy    0x0000000020041000      0x800
 *(.stack*)
 .stack         0x0000000020041000      0x800 CMakeFiles/firmware.dir/home/ryzerth/pico-sdk/src/rp2_common/pico_standard_link/crt0.S.obj

.flash_end      0x00000000100026a8        0x0
                0x00000000100026a8                __flash_binary_end = .
                0x0000000020040000                __StackLimit = (ORIGIN (RAM) + LENGTH (RAM))
                0x0000000020041000                __StackOneTop = (ORIGIN (SCRATCH_X) + LENGTH (SCRATCH_X))
                0x0000000020042000                __StackTop = (ORIGIN (SCRATCH_Y) + LENGTH (SCRATCH_Y))
                0x0000000020041000                __StackOneBottom = (__StackOneTop - SIZEOF (.stack1_dummy))
                0x0000000020041800                __StackBottom = (__StackTop - SIZEOF (.stack_dummy))
                0x0000000020042000                PROVIDE (__stack = __StackTop)
                0x0000000000000001                ASSERT ((__StackLimit >= __HeapLimit), region RAM overflowed)
                0x0000000000000001                ASSERT (((__binary_info_header_end - __logical_binary_start) <= 0x100), Binary info must be in first 256 bytes of the binary)
LOAD CMakeFiles/firmware.dir/src/main.cpp.obj
LOAD CMakeFiles/firmware.dir/src/parrots.cpp.obj
LOAD CMakeFiles/firmware.dir/lib/st7789.cpp.obj
LOAD CMakeFiles/firmware.dir/lib/tpl0401.cpp.obj
LOAD CMakeFiles/firmware.dir/home/ryzerth/pico-sdk/src/rp2_common/pico_stdlib/stdlib.c.obj
LOAD CMakeFiles/firmware.dir/home/ryzerth/pico-sdk/src/rp2_common/hardware_gpio/gpio.c.obj
LOAD CMakeFiles/firmware.dir/home/ryzerth/pico-sdk/src/rp2_common/hardware_claim/claim.c.obj
LOAD CMakeFiles/firmware.dir/home/ryzerth/pico-sdk/src/rp2_common/pico_platform/platform.c.obj
LOAD CMakeFiles/firmware.dir/home/ryzerth/pico-sdk/src/rp2_common/hardware_sync/sync.c.obj
LOAD CMakeFiles/firmware.dir/home/ryzerth/pico-sdk/src/rp2_common/hardware_uart/uart.c.obj
LOAD CMakeFiles/firmware.dir/home/ryzerth/pico-sdk/src/rp2_common/hardware_divider/divider.S.obj
LOAD CMakeFiles/firmware.dir/home/ryzerth/pico-sdk/src/common/pico_time/time.c.obj
LOAD CMakeFiles/firmware.dir/home/ryzerth/pico-sdk/src/common/pico_time/timeout_helper.c.obj
LOAD CMakeFiles/firmware.dir/home/ryzerth/pico-sdk/src/rp2_common/hardware_timer/timer.c.obj
LOAD CMakeFiles/firmware.dir/home/ryzerth/pico-sdk/src/common/pico_sync/sem.c.obj
LOAD CMakeFiles/firmware.dir/home/ryzerth/pico-sdk/src/common/pico_sync/lock_core.c.obj
LOAD CMakeFiles/firmware.dir/home/ryzerth/pico-sdk/src/common/pico_sync/mutex.c.obj
LOAD CMakeFiles/firmware.dir/home/ryzerth/pico-sdk/src/common/pico_sync/critical_section.c.obj
LOAD CMakeFiles/firmware.dir/home/ryzerth/pico-sdk/src/common/pico_util/datetime.c.obj
LOAD CMakeFiles/firmware.dir/home/ryzerth/pico-sdk/src/common/pico_util/pheap.c.obj
LOAD CMakeFiles/firmware.dir/home/ryzerth/pico-sdk/src/common/pico_util/queue.c.obj
LOAD CMakeFiles/firmware.dir/home/ryzerth/pico-sdk/src/rp2_common/pico_runtime/runtime.c.obj
LOAD CMakeFiles/firmware.dir/home/ryzerth/pico-sdk/src/rp2_common/hardware_clocks/clocks.c.obj
LOAD CMakeFiles/firmware.dir/home/ryzerth/pico-sdk/src/rp2_common/hardware_irq/irq.c.obj
LOAD CMakeFiles/firmware.dir/home/ryzerth/pico-sdk/src/rp2_common/hardware_irq/irq_handler_chain.S.obj
LOAD CMakeFiles/firmware.dir/home/ryzerth/pico-sdk/src/rp2_common/hardware_pll/pll.c.obj
LOAD CMakeFiles/firmware.dir/home/ryzerth/pico-sdk/src/rp2_common/hardware_vreg/vreg.c.obj
LOAD CMakeFiles/firmware.dir/home/ryzerth/pico-sdk/src/rp2_common/hardware_watchdog/watchdog.c.obj
LOAD CMakeFiles/firmware.dir/home/ryzerth/pico-sdk/src/rp2_common/hardware_xosc/xosc.c.obj
LOAD CMakeFiles/firmware.dir/home/ryzerth/pico-sdk/src/rp2_common/pico_printf/printf.c.obj
LOAD CMakeFiles/firmware.dir/home/ryzerth/pico-sdk/src/rp2_common/pico_bit_ops/bit_ops_aeabi.S.obj
LOAD CMakeFiles/firmware.dir/home/ryzerth/pico-sdk/src/rp2_common/pico_bootrom/bootrom.c.obj
LOAD CMakeFiles/firmware.dir/home/ryzerth/pico-sdk/src/rp2_common/pico_divider/divider.S.obj
LOAD CMakeFiles/firmware.dir/home/ryzerth/pico-sdk/src/rp2_common/pico_double/double_aeabi.S.obj
LOAD CMakeFiles/firmware.dir/home/ryzerth/pico-sdk/src/rp2_common/pico_double/double_init_rom.c.obj
LOAD CMakeFiles/firmware.dir/home/ryzerth/pico-sdk/src/rp2_common/pico_double/double_math.c.obj
LOAD CMakeFiles/firmware.dir/home/ryzerth/pico-sdk/src/rp2_common/pico_double/double_v1_rom_shim.S.obj
LOAD CMakeFiles/firmware.dir/home/ryzerth/pico-sdk/src/rp2_common/pico_int64_ops/pico_int64_ops_aeabi.S.obj
LOAD CMakeFiles/firmware.dir/home/ryzerth/pico-sdk/src/rp2_common/pico_float/float_aeabi.S.obj
LOAD CMakeFiles/firmware.dir/home/ryzerth/pico-sdk/src/rp2_common/pico_float/float_init_rom.c.obj
LOAD CMakeFiles/firmware.dir/home/ryzerth/pico-sdk/src/rp2_common/pico_float/float_math.c.obj
LOAD CMakeFiles/firmware.dir/home/ryzerth/pico-sdk/src/rp2_common/pico_float/float_v1_rom_shim.S.obj
LOAD CMakeFiles/firmware.dir/home/ryzerth/pico-sdk/src/rp2_common/pico_malloc/pico_malloc.c.obj
LOAD CMakeFiles/firmware.dir/home/ryzerth/pico-sdk/src/rp2_common/pico_mem_ops/mem_ops_aeabi.S.obj
LOAD CMakeFiles/firmware.dir/home/ryzerth/pico-sdk/src/rp2_common/pico_standard_link/crt0.S.obj
LOAD CMakeFiles/firmware.dir/home/ryzerth/pico-sdk/src/rp2_common/pico_standard_link/new_delete.cpp.obj
LOAD CMakeFiles/firmware.dir/home/ryzerth/pico-sdk/src/rp2_common/pico_standard_link/binary_info.c.obj
LOAD CMakeFiles/firmware.dir/home/ryzerth/pico-sdk/src/rp2_common/pico_stdio/stdio.c.obj
LOAD CMakeFiles/firmware.dir/home/ryzerth/pico-sdk/src/rp2_common/pico_stdio_usb/reset_interface.c.obj
LOAD CMakeFiles/firmware.dir/home/ryzerth/pico-sdk/src/rp2_common/pico_stdio_usb/stdio_usb.c.obj
LOAD CMakeFiles/firmware.dir/home/ryzerth/pico-sdk/src/rp2_common/pico_stdio_usb/stdio_usb_descriptors.c.obj
LOAD CMakeFiles/firmware.dir/home/ryzerth/pico-sdk/lib/tinyusb/src/portable/raspberrypi/rp2040/dcd_rp2040.c.obj
LOAD CMakeFiles/firmware.dir/home/ryzerth/pico-sdk/lib/tinyusb/src/portable/raspberrypi/rp2040/rp2040_usb.c.obj
LOAD CMakeFiles/firmware.dir/home/ryzerth/pico-sdk/lib/tinyusb/src/device/usbd.c.obj
LOAD CMakeFiles/firmware.dir/home/ryzerth/pico-sdk/lib/tinyusb/src/device/usbd_control.c.obj
LOAD CMakeFiles/firmware.dir/home/ryzerth/pico-sdk/lib/tinyusb/src/class/audio/audio_device.c.obj
LOAD CMakeFiles/firmware.dir/home/ryzerth/pico-sdk/lib/tinyusb/src/class/cdc/cdc_device.c.obj
LOAD CMakeFiles/firmware.dir/home/ryzerth/pico-sdk/lib/tinyusb/src/class/dfu/dfu_device.c.obj
LOAD CMakeFiles/firmware.dir/home/ryzerth/pico-sdk/lib/tinyusb/src/class/dfu/dfu_rt_device.c.obj
LOAD CMakeFiles/firmware.dir/home/ryzerth/pico-sdk/lib/tinyusb/src/class/hid/hid_device.c.obj
LOAD CMakeFiles/firmware.dir/home/ryzerth/pico-sdk/lib/tinyusb/src/class/midi/midi_device.c.obj
LOAD CMakeFiles/firmware.dir/home/ryzerth/pico-sdk/lib/tinyusb/src/class/msc/msc_device.c.obj
LOAD CMakeFiles/firmware.dir/home/ryzerth/pico-sdk/lib/tinyusb/src/class/net/ecm_rndis_device.c.obj
LOAD CMakeFiles/firmware.dir/home/ryzerth/pico-sdk/lib/tinyusb/src/class/net/ncm_device.c.obj
LOAD CMakeFiles/firmware.dir/home/ryzerth/pico-sdk/lib/tinyusb/src/class/usbtmc/usbtmc_device.c.obj
LOAD CMakeFiles/firmware.dir/home/ryzerth/pico-sdk/lib/tinyusb/src/class/vendor/vendor_device.c.obj
LOAD CMakeFiles/firmware.dir/home/ryzerth/pico-sdk/lib/tinyusb/src/class/video/video_device.c.obj
LOAD CMakeFiles/firmware.dir/home/ryzerth/pico-sdk/lib/tinyusb/src/tusb.c.obj
LOAD CMakeFiles/firmware.dir/home/ryzerth/pico-sdk/lib/tinyusb/src/common/tusb_fifo.c.obj
LOAD CMakeFiles/firmware.dir/home/ryzerth/pico-sdk/src/rp2_common/pico_fix/rp2040_usb_device_enumeration/rp2040_usb_device_enumeration.c.obj
LOAD CMakeFiles/firmware.dir/home/ryzerth/pico-sdk/src/rp2_common/pico_unique_id/unique_id.c.obj
LOAD CMakeFiles/firmware.dir/home/ryzerth/pico-sdk/src/rp2_common/hardware_flash/flash.c.obj
LOAD CMakeFiles/firmware.dir/home/ryzerth/pico-sdk/src/rp2_common/hardware_spi/spi.c.obj
LOAD CMakeFiles/firmware.dir/home/ryzerth/pico-sdk/src/rp2_common/hardware_i2c/i2c.c.obj
LOAD /tmp/cc06O5Ov.o
LOAD /usr/lib/gcc/arm-none-eabi/9.2.1/../../../arm-none-eabi/lib/thumb/v6-m/nofp/libstdc++.a
LOAD /usr/lib/gcc/arm-none-eabi/9.2.1/../../../arm-none-eabi/lib/thumb/v6-m/nofp/libm.a
START GROUP
LOAD /usr/lib/gcc/arm-none-eabi/9.2.1/thumb/v6-m/nofp/libgcc.a
LOAD /usr/lib/gcc/arm-none-eabi/9.2.1/../../../arm-none-eabi/lib/thumb/v6-m/nofp/libc.a
END GROUP
START GROUP
LOAD /usr/lib/gcc/arm-none-eabi/9.2.1/thumb/v6-m/nofp/libgcc.a
LOAD /usr/lib/gcc/arm-none-eabi/9.2.1/../../../arm-none-eabi/lib/thumb/v6-m/nofp/libc.a
LOAD /usr/lib/gcc/arm-none-eabi/9.2.1/../../../arm-none-eabi/lib/thumb/v6-m/nofp/libnosys.a
END GROUP
LOAD /usr/lib/gcc/arm-none-eabi/9.2.1/thumb/v6-m/nofp/crtend.o
LOAD /usr/lib/gcc/arm-none-eabi/9.2.1/thumb/v6-m/nofp/crtn.o
OUTPUT(firmware.elf elf32-littlearm)
LOAD linker stubs

.ARM.attributes
                0x0000000000000000       0x28
 .ARM.attributes
                0x0000000000000000       0x1e /usr/lib/gcc/arm-none-eabi/9.2.1/thumb/v6-m/nofp/crti.o
 .ARM.attributes
                0x000000000000001e       0x2c /usr/lib/gcc/arm-none-eabi/9.2.1/thumb/v6-m/nofp/crtbegin.o
 .ARM.attributes
                0x000000000000004a       0x2c CMakeFiles/firmware.dir/src/main.cpp.obj
 .ARM.attributes
                0x0000000000000076       0x2c CMakeFiles/firmware.dir/lib/st7789.cpp.obj
 .ARM.attributes
                0x00000000000000a2       0x2c CMakeFiles/firmware.dir/home/ryzerth/pico-sdk/src/rp2_common/hardware_gpio/gpio.c.obj
 .ARM.attributes
                0x00000000000000ce       0x2c CMakeFiles/firmware.dir/home/ryzerth/pico-sdk/src/rp2_common/hardware_claim/claim.c.obj
 .ARM.attributes
                0x00000000000000fa       0x2c CMakeFiles/firmware.dir/home/ryzerth/pico-sdk/src/rp2_common/pico_platform/platform.c.obj
 .ARM.attributes
                0x0000000000000126       0x2c CMakeFiles/firmware.dir/home/ryzerth/pico-sdk/src/rp2_common/hardware_sync/sync.c.obj
 .ARM.attributes
                0x0000000000000152       0x2c CMakeFiles/firmware.dir/home/ryzerth/pico-sdk/src/common/pico_time/time.c.obj
 .ARM.attributes
                0x000000000000017e       0x2c CMakeFiles/firmware.dir/home/ryzerth/pico-sdk/src/rp2_common/hardware_timer/timer.c.obj
 .ARM.attributes
                0x00000000000001aa       0x2c CMakeFiles/firmware.dir/home/ryzerth/pico-sdk/src/common/pico_sync/lock_core.c.obj
 .ARM.attributes
                0x00000000000001d6       0x2c CMakeFiles/firmware.dir/home/ryzerth/pico-sdk/src/common/pico_sync/mutex.c.obj
 .ARM.attributes
                0x0000000000000202       0x2c CMakeFiles/firmware.dir/home/ryzerth/pico-sdk/src/common/pico_util/pheap.c.obj
 .ARM.attributes
                0x000000000000022e       0x2c CMakeFiles/firmware.dir/home/ryzerth/pico-sdk/src/rp2_common/pico_runtime/runtime.c.obj
 .ARM.attributes
                0x000000000000025a       0x2c CMakeFiles/firmware.dir/home/ryzerth/pico-sdk/src/rp2_common/hardware_clocks/clocks.c.obj
 .ARM.attributes
                0x0000000000000286       0x2c CMakeFiles/firmware.dir/home/ryzerth/pico-sdk/src/rp2_common/hardware_irq/irq.c.obj
 .ARM.attributes
                0x00000000000002b2       0x22 CMakeFiles/firmware.dir/home/ryzerth/pico-sdk/src/rp2_common/hardware_irq/irq_handler_chain.S.obj
 .ARM.attributes
                0x00000000000002d4       0x2c CMakeFiles/firmware.dir/home/ryzerth/pico-sdk/src/rp2_common/hardware_pll/pll.c.obj
 .ARM.attributes
                0x0000000000000300       0x2c CMakeFiles/firmware.dir/home/ryzerth/pico-sdk/src/rp2_common/hardware_watchdog/watchdog.c.obj
 .ARM.attributes
                0x000000000000032c       0x2c CMakeFiles/firmware.dir/home/ryzerth/pico-sdk/src/rp2_common/hardware_xosc/xosc.c.obj
 .ARM.attributes
                0x0000000000000358       0x2c CMakeFiles/firmware.dir/home/ryzerth/pico-sdk/src/rp2_common/pico_printf/printf.c.obj
 .ARM.attributes
                0x0000000000000384       0x22 CMakeFiles/firmware.dir/home/ryzerth/pico-sdk/src/rp2_common/pico_bit_ops/bit_ops_aeabi.S.obj
 .ARM.attributes
                0x00000000000003a6       0x2c CMakeFiles/firmware.dir/home/ryzerth/pico-sdk/src/rp2_common/pico_bootrom/bootrom.c.obj
 .ARM.attributes
                0x00000000000003d2       0x22 CMakeFiles/firmware.dir/home/ryzerth/pico-sdk/src/rp2_common/pico_divider/divider.S.obj
 .ARM.attributes
                0x00000000000003f4       0x22 CMakeFiles/firmware.dir/home/ryzerth/pico-sdk/src/rp2_common/pico_double/double_aeabi.S.obj
 .ARM.attributes
                0x0000000000000416       0x2c CMakeFiles/firmware.dir/home/ryzerth/pico-sdk/src/rp2_common/pico_double/double_init_rom.c.obj
 .ARM.attributes
                0x0000000000000442       0x22 CMakeFiles/firmware.dir/home/ryzerth/pico-sdk/src/rp2_common/pico_double/double_v1_rom_shim.S.obj
 .ARM.attributes
                0x0000000000000464       0x22 CMakeFiles/firmware.dir/home/ryzerth/pico-sdk/src/rp2_common/pico_int64_ops/pico_int64_ops_aeabi.S.obj
 .ARM.attributes
                0x0000000000000486       0x22 CMakeFiles/firmware.dir/home/ryzerth/pico-sdk/src/rp2_common/pico_float/float_aeabi.S.obj
 .ARM.attributes
                0x00000000000004a8       0x2c CMakeFiles/firmware.dir/home/ryzerth/pico-sdk/src/rp2_common/pico_float/float_init_rom.c.obj
 .ARM.attributes
                0x00000000000004d4       0x22 CMakeFiles/firmware.dir/home/ryzerth/pico-sdk/src/rp2_common/pico_float/float_v1_rom_shim.S.obj
 .ARM.attributes
                0x00000000000004f6       0x22 CMakeFiles/firmware.dir/home/ryzerth/pico-sdk/src/rp2_common/pico_mem_ops/mem_ops_aeabi.S.obj
 .ARM.attributes
                0x0000000000000518       0x22 CMakeFiles/firmware.dir/home/ryzerth/pico-sdk/src/rp2_common/pico_standard_link/crt0.S.obj
 .ARM.attributes
                0x000000000000053a       0x32 CMakeFiles/firmware.dir/home/ryzerth/pico-sdk/src/rp2_common/pico_standard_link/binary_info.c.obj
 .ARM.attributes
                0x000000000000056c       0x2c CMakeFiles/firmware.dir/home/ryzerth/pico-sdk/src/rp2_common/pico_stdio/stdio.c.obj
 .ARM.attributes
                0x0000000000000598       0x2c CMakeFiles/firmware.dir/home/ryzerth/pico-sdk/src/rp2_common/pico_unique_id/unique_id.c.obj
 .ARM.attributes
                0x00000000000005c4       0x2c CMakeFiles/firmware.dir/home/ryzerth/pico-sdk/src/rp2_common/hardware_flash/flash.c.obj
 .ARM.attributes
                0x00000000000005f0       0x2c CMakeFiles/firmware.dir/home/ryzerth/pico-sdk/src/rp2_common/hardware_spi/spi.c.obj
 .ARM.attributes
                0x000000000000061c       0x22 /tmp/cc06O5Ov.o
 .ARM.attributes
                0x000000000000063e       0x1e /usr/lib/gcc/arm-none-eabi/9.2.1/thumb/v6-m/nofp/libgcc.a(_dvmd_tls.o)
 .ARM.attributes
                0x000000000000065c       0x2c /usr/lib/gcc/arm-none-eabi/9.2.1/../../../arm-none-eabi/lib/thumb/v6-m/nofp/libc.a(lib_a-strlen-stub.o)
 .ARM.attributes
                0x0000000000000688       0x2c /usr/lib/gcc/arm-none-eabi/9.2.1/thumb/v6-m/nofp/crtend.o

.comment        0x0000000000000000       0xa7
 .comment       0x0000000000000000       0x59 /usr/lib/gcc/arm-none-eabi/9.2.1/thumb/v6-m/nofp/crtbegin.o
                                         0x5a (size before relaxing)
 .comment       0x0000000000000059       0x5a CMakeFiles/firmware.dir/src/main.cpp.obj
 .comment       0x0000000000000059       0x5a CMakeFiles/firmware.dir/lib/st7789.cpp.obj
 .comment       0x0000000000000059       0x5a CMakeFiles/firmware.dir/home/ryzerth/pico-sdk/src/rp2_common/hardware_gpio/gpio.c.obj
 .comment       0x0000000000000059       0x5a CMakeFiles/firmware.dir/home/ryzerth/pico-sdk/src/rp2_common/hardware_claim/claim.c.obj
 .comment       0x0000000000000059       0x5a CMakeFiles/firmware.dir/home/ryzerth/pico-sdk/src/rp2_common/pico_platform/platform.c.obj
 .comment       0x0000000000000059       0x5a CMakeFiles/firmware.dir/home/ryzerth/pico-sdk/src/rp2_common/hardware_sync/sync.c.obj
 .comment       0x0000000000000059       0x5a CMakeFiles/firmware.dir/home/ryzerth/pico-sdk/src/common/pico_time/time.c.obj
 .comment       0x0000000000000059       0x5a CMakeFiles/firmware.dir/home/ryzerth/pico-sdk/src/rp2_common/hardware_timer/timer.c.obj
 .comment       0x0000000000000059       0x5a CMakeFiles/firmware.dir/home/ryzerth/pico-sdk/src/common/pico_sync/lock_core.c.obj
 .comment       0x0000000000000059       0x5a CMakeFiles/firmware.dir/home/ryzerth/pico-sdk/src/common/pico_sync/mutex.c.obj
 .comment       0x0000000000000059       0x5a CMakeFiles/firmware.dir/home/ryzerth/pico-sdk/src/common/pico_util/pheap.c.obj
 .comment       0x0000000000000059       0x5a CMakeFiles/firmware.dir/home/ryzerth/pico-sdk/src/rp2_common/pico_runtime/runtime.c.obj
 .comment       0x0000000000000059       0x5a CMakeFiles/firmware.dir/home/ryzerth/pico-sdk/src/rp2_common/hardware_clocks/clocks.c.obj
 .comment       0x0000000000000059       0x5a CMakeFiles/firmware.dir/home/ryzerth/pico-sdk/src/rp2_common/hardware_irq/irq.c.obj
 .comment       0x0000000000000059       0x5a CMakeFiles/firmware.dir/home/ryzerth/pico-sdk/src/rp2_common/hardware_pll/pll.c.obj
 .comment       0x0000000000000059       0x5a CMakeFiles/firmware.dir/home/ryzerth/pico-sdk/src/rp2_common/hardware_watchdog/watchdog.c.obj
 .comment       0x0000000000000059       0x5a CMakeFiles/firmware.dir/home/ryzerth/pico-sdk/src/rp2_common/hardware_xosc/xosc.c.obj
 .comment       0x0000000000000059       0x5a CMakeFiles/firmware.dir/home/ryzerth/pico-sdk/src/rp2_common/pico_printf/printf.c.obj
 .comment       0x0000000000000059       0x5a CMakeFiles/firmware.dir/home/ryzerth/pico-sdk/src/rp2_common/pico_bootrom/bootrom.c.obj
 .comment       0x0000000000000059       0x5a CMakeFiles/firmware.dir/home/ryzerth/pico-sdk/src/rp2_common/pico_double/double_init_rom.c.obj
 .comment       0x0000000000000059       0x5a CMakeFiles/firmware.dir/home/ryzerth/pico-sdk/src/rp2_common/pico_float/float_init_rom.c.obj
 .comment       0x0000000000000059       0x5a CMakeFiles/firmware.dir/home/ryzerth/pico-sdk/src/rp2_common/pico_standard_link/binary_info.c.obj
 .comment       0x0000000000000059       0x5a CMakeFiles/firmware.dir/home/ryzerth/pico-sdk/src/rp2_common/pico_stdio/stdio.c.obj
 .comment       0x0000000000000059       0x5a CMakeFiles/firmware.dir/home/ryzerth/pico-sdk/src/rp2_common/pico_unique_id/unique_id.c.obj
 .comment       0x0000000000000059       0x5a CMakeFiles/firmware.dir/home/ryzerth/pico-sdk/src/rp2_common/hardware_flash/flash.c.obj
 .comment       0x0000000000000059       0x5a CMakeFiles/firmware.dir/home/ryzerth/pico-sdk/src/rp2_common/hardware_spi/spi.c.obj
 .comment       0x0000000000000059       0x4e /usr/lib/gcc/arm-none-eabi/9.2.1/../../../arm-none-eabi/lib/thumb/v6-m/nofp/libc.a(lib_a-strlen-stub.o)
                                         0x4f (size before relaxing)
 .comment       0x00000000000000a7       0x5a /usr/lib/gcc/arm-none-eabi/9.2.1/thumb/v6-m/nofp/crtend.o

.debug_line     0x0000000000000000      0x222
 .debug_line    0x0000000000000000       0x60 /usr/lib/gcc/arm-none-eabi/9.2.1/thumb/v6-m/nofp/libgcc.a(_dvmd_tls.o)
 .debug_line    0x0000000000000060      0x1c2 /usr/lib/gcc/arm-none-eabi/9.2.1/../../../arm-none-eabi/lib/thumb/v6-m/nofp/libc.a(lib_a-strlen-stub.o)

.debug_info     0x0000000000000000      0x999
 .debug_info    0x0000000000000000       0x26 /usr/lib/gcc/arm-none-eabi/9.2.1/thumb/v6-m/nofp/libgcc.a(_dvmd_tls.o)
 .debug_info    0x0000000000000026      0x973 /usr/lib/gcc/arm-none-eabi/9.2.1/../../../arm-none-eabi/lib/thumb/v6-m/nofp/libc.a(lib_a-strlen-stub.o)

.debug_abbrev   0x0000000000000000      0x1fc
 .debug_abbrev  0x0000000000000000       0x14 /usr/lib/gcc/arm-none-eabi/9.2.1/thumb/v6-m/nofp/libgcc.a(_dvmd_tls.o)
 .debug_abbrev  0x0000000000000014      0x1e8 /usr/lib/gcc/arm-none-eabi/9.2.1/../../../arm-none-eabi/lib/thumb/v6-m/nofp/libc.a(lib_a-strlen-stub.o)

.debug_aranges  0x0000000000000000       0x40
 .debug_aranges
                0x0000000000000000       0x20 /usr/lib/gcc/arm-none-eabi/9.2.1/thumb/v6-m/nofp/libgcc.a(_dvmd_tls.o)
 .debug_aranges
                0x0000000000000020       0x20 /usr/lib/gcc/arm-none-eabi/9.2.1/../../../arm-none-eabi/lib/thumb/v6-m/nofp/libc.a(lib_a-strlen-stub.o)

.debug_str      0x0000000000000000      0x613
 .debug_str     0x0000000000000000       0xa3 /usr/lib/gcc/arm-none-eabi/9.2.1/thumb/v6-m/nofp/libgcc.a(_dvmd_tls.o)
 .debug_str     0x00000000000000a3      0x570 /usr/lib/gcc/arm-none-eabi/9.2.1/../../../arm-none-eabi/lib/thumb/v6-m/nofp/libc.a(lib_a-strlen-stub.o)
                                        0x5c2 (size before relaxing)

.debug_loc      0x0000000000000000       0xa3
 .debug_loc     0x0000000000000000       0xa3 /usr/lib/gcc/arm-none-eabi/9.2.1/../../../arm-none-eabi/lib/thumb/v6-m/nofp/libc.a(lib_a-strlen-stub.o)

.debug_frame    0x0000000000000000       0x28
 .debug_frame   0x0000000000000000       0x28 /usr/lib/gcc/arm-none-eabi/9.2.1/../../../arm-none-eabi/lib/thumb/v6-m/nofp/libc.a(lib_a-strlen-stub.o)
