Archive member included to satisfy reference by file (symbol)

/usr/lib/gcc/arm-none-eabi/12.2.0/thumb/v6-m/nofp/libgcc.a(_dvmd_tls.o)
                              CMakeFiles/firmware.dir/home/ryzerth/pico-sdk/src/rp2_common/pico_divider/divider.S.obj (__aeabi_idiv0)
/usr/lib/gcc/arm-none-eabi/12.2.0/../../../../arm-none-eabi/lib/thumb/v6-m/nofp/libc.a(lib_a-atexit.o)
                              /usr/lib/gcc/arm-none-eabi/12.2.0/../../../../arm-none-eabi/lib/thumb/v6-m/nofp/crt0.o (atexit)
/usr/lib/gcc/arm-none-eabi/12.2.0/../../../../arm-none-eabi/lib/thumb/v6-m/nofp/libc.a(lib_a-calloc.o)
                              CMakeFiles/firmware.dir/home/ryzerth/pico-sdk/src/rp2_common/pico_malloc/pico_malloc.c.obj (calloc)
/usr/lib/gcc/arm-none-eabi/12.2.0/../../../../arm-none-eabi/lib/thumb/v6-m/nofp/libc.a(lib_a-callocr.o)
                              /usr/lib/gcc/arm-none-eabi/12.2.0/../../../../arm-none-eabi/lib/thumb/v6-m/nofp/libc.a(lib_a-calloc.o) (_calloc_r)
/usr/lib/gcc/arm-none-eabi/12.2.0/../../../../arm-none-eabi/lib/thumb/v6-m/nofp/libc.a(lib_a-errno.o)
                              /usr/lib/gcc/arm-none-eabi/12.2.0/../../../../arm-none-eabi/lib/thumb/v6-m/nofp/libc.a(lib_a-callocr.o) (__errno)
/usr/lib/gcc/arm-none-eabi/12.2.0/../../../../arm-none-eabi/lib/thumb/v6-m/nofp/libc.a(lib_a-fini.o)
                              /usr/lib/gcc/arm-none-eabi/12.2.0/../../../../arm-none-eabi/lib/thumb/v6-m/nofp/crt0.o (__libc_fini_array)
/usr/lib/gcc/arm-none-eabi/12.2.0/../../../../arm-none-eabi/lib/thumb/v6-m/nofp/libc.a(lib_a-impure.o)
                              /usr/lib/gcc/arm-none-eabi/12.2.0/../../../../arm-none-eabi/lib/thumb/v6-m/nofp/libc.a(lib_a-calloc.o) (_impure_ptr)
/usr/lib/gcc/arm-none-eabi/12.2.0/../../../../arm-none-eabi/lib/thumb/v6-m/nofp/libc.a(lib_a-init.o)
                              /usr/lib/gcc/arm-none-eabi/12.2.0/../../../../arm-none-eabi/lib/thumb/v6-m/nofp/crt0.o (__libc_init_array)
/usr/lib/gcc/arm-none-eabi/12.2.0/../../../../arm-none-eabi/lib/thumb/v6-m/nofp/libc.a(lib_a-malloc.o)
                              CMakeFiles/firmware.dir/home/ryzerth/pico-sdk/src/rp2_common/pico_malloc/pico_malloc.c.obj (malloc)
/usr/lib/gcc/arm-none-eabi/12.2.0/../../../../arm-none-eabi/lib/thumb/v6-m/nofp/libc.a(lib_a-mallocr.o)
                              /usr/lib/gcc/arm-none-eabi/12.2.0/../../../../arm-none-eabi/lib/thumb/v6-m/nofp/libc.a(lib_a-callocr.o) (_malloc_r)
/usr/lib/gcc/arm-none-eabi/12.2.0/../../../../arm-none-eabi/lib/thumb/v6-m/nofp/libc.a(lib_a-mlock.o)
                              /usr/lib/gcc/arm-none-eabi/12.2.0/../../../../arm-none-eabi/lib/thumb/v6-m/nofp/libc.a(lib_a-mallocr.o) (__malloc_lock)
/usr/lib/gcc/arm-none-eabi/12.2.0/../../../../arm-none-eabi/lib/thumb/v6-m/nofp/libc.a(lib_a-realloc.o)
                              CMakeFiles/firmware.dir/home/ryzerth/pico-sdk/src/rp2_common/pico_malloc/pico_malloc.c.obj (realloc)
/usr/lib/gcc/arm-none-eabi/12.2.0/../../../../arm-none-eabi/lib/thumb/v6-m/nofp/libc.a(lib_a-reallocr.o)
                              /usr/lib/gcc/arm-none-eabi/12.2.0/../../../../arm-none-eabi/lib/thumb/v6-m/nofp/libc.a(lib_a-realloc.o) (_realloc_r)
/usr/lib/gcc/arm-none-eabi/12.2.0/../../../../arm-none-eabi/lib/thumb/v6-m/nofp/libc.a(lib_a-sbrkr.o)
                              /usr/lib/gcc/arm-none-eabi/12.2.0/../../../../arm-none-eabi/lib/thumb/v6-m/nofp/libc.a(lib_a-mallocr.o) (_sbrk_r)
/usr/lib/gcc/arm-none-eabi/12.2.0/../../../../arm-none-eabi/lib/thumb/v6-m/nofp/libc.a(lib_a-strlen-stub.o)
                              CMakeFiles/firmware.dir/home/ryzerth/pico-sdk/src/rp2_common/pico_stdio/stdio.c.obj (strlen)
/usr/lib/gcc/arm-none-eabi/12.2.0/../../../../arm-none-eabi/lib/thumb/v6-m/nofp/libc.a(lib_a-__atexit.o)
                              /usr/lib/gcc/arm-none-eabi/12.2.0/../../../../arm-none-eabi/lib/thumb/v6-m/nofp/libc.a(lib_a-atexit.o) (__register_exitproc)
/usr/lib/gcc/arm-none-eabi/12.2.0/../../../../arm-none-eabi/lib/thumb/v6-m/nofp/libc.a(lib_a-__call_atexit.o)
                              /usr/lib/gcc/arm-none-eabi/12.2.0/../../../../arm-none-eabi/lib/thumb/v6-m/nofp/libc.a(lib_a-__atexit.o) (__atexit_recursive_mutex)
/usr/lib/gcc/arm-none-eabi/12.2.0/../../../../arm-none-eabi/lib/thumb/v6-m/nofp/libc.a(lib_a-freer.o)
                              /usr/lib/gcc/arm-none-eabi/12.2.0/../../../../arm-none-eabi/lib/thumb/v6-m/nofp/libc.a(lib_a-malloc.o) (_free_r)
/usr/lib/gcc/arm-none-eabi/12.2.0/../../../../arm-none-eabi/lib/thumb/v6-m/nofp/libc.a(lib_a-lock.o)
                              /usr/lib/gcc/arm-none-eabi/12.2.0/../../../../arm-none-eabi/lib/thumb/v6-m/nofp/libc.a(lib_a-mlock.o) (__retarget_lock_acquire_recursive)
/usr/lib/gcc/arm-none-eabi/12.2.0/../../../../arm-none-eabi/lib/thumb/v6-m/nofp/libc.a(lib_a-memmove.o)
                              /usr/lib/gcc/arm-none-eabi/12.2.0/../../../../arm-none-eabi/lib/thumb/v6-m/nofp/libc.a(lib_a-reallocr.o) (memmove)
[...]
Memory Configuration

Name             Origin             Length             Attributes
FLASH            0x0000000010000000 0x0000000000200000 xr
RAM              0x0000000020000000 0x0000000000040000 xrw
SCRATCH_X        0x0000000020040000 0x0000000000001000 xrw
SCRATCH_Y        0x0000000020041000 0x0000000000001000 xrw
*default*        0x0000000000000000 0xffffffffffffffff

Linker script and memory map

LOAD /usr/lib/gcc/arm-none-eabi/12.2.0/thumb/v6-m/nofp/crti.o
LOAD /usr/lib/gcc/arm-none-eabi/12.2.0/thumb/v6-m/nofp/crtbegin.o
LOAD /usr/lib/gcc/arm-none-eabi/12.2.0/../../../../arm-none-eabi/lib/thumb/v6-m/nofp/crt0.o

.flash_begin    0x0000000010000000        0x0
                0x0000000010000000                __flash_binary_start = .

.boot2          0x0000000010000000      0x100
                0x0000000010000000                __boot2_start__ = .
 *(.boot2)
 .boot2         0x0000000010000000      0x100 /tmp/cc8czAkz.o
                0x0000000010000100                __boot2_end__ = .
                0x0000000000000001                ASSERT (((__boot2_end__ - __boot2_start__) == 0x100), ERROR: Pico second stage bootloader must be 256 bytes in size)

.text           0x0000000010000100     0x8540
                0x0000000010000100                __logical_binary_start = .
 *(.vectors)
 .vectors       0x0000000010000100       0xd4 CMakeFiles/firmware.dir/home/ryzerth/pico-sdk/src/rp2_common/pico_standard_link/crt0.S.obj
                0x0000000010000100                __vectors
                0x0000000010000100                __VECTOR_TABLE
                0x00000000100001c0                isr_invalid
                0x00000000100001c0                __default_isrs_start
                0x00000000100001c2                isr_nmi
                0x00000000100001c4                isr_hardfault
                0x00000000100001c6                isr_svcall
                0x00000000100001c8                isr_pendsv
                0x00000000100001ca                isr_systick
                0x00000000100001cc                isr_irq30
                0x00000000100001cc                __unhandled_user_irq
                0x00000000100001cc                isr_irq13
                0x00000000100001cc                isr_irq27
                0x00000000100001cc                isr_irq31
                0x00000000100001cc                isr_irq5
                0x00000000100001cc                isr_irq11
                0x00000000100001cc                isr_irq23
                0x00000000100001cc                isr_irq18
                0x00000000100001cc                isr_irq28
                0x00000000100001cc                isr_irq19
                0x00000000100001cc                isr_irq0
                0x00000000100001cc                isr_irq6
                0x00000000100001cc                isr_irq22
                0x00000000100001cc                isr_irq17
                0x00000000100001cc                isr_irq14
                0x00000000100001cc                isr_irq2
                0x00000000100001cc                isr_irq10
                0x00000000100001cc                isr_irq8
                0x00000000100001cc                isr_irq24
                0x00000000100001cc                isr_irq1
                0x00000000100001cc                isr_irq7
                0x00000000100001cc                isr_irq21
                0x00000000100001cc                isr_irq20
                0x00000000100001cc                isr_irq15
                0x00000000100001cc                isr_irq25
                0x00000000100001cc                isr_irq4
                0x00000000100001cc                isr_irq16
                0x00000000100001cc                isr_irq29
                0x00000000100001cc                isr_irq26
                0x00000000100001cc                __default_isrs_end
                0x00000000100001cc                isr_irq3
                0x00000000100001cc                isr_irq12
                0x00000000100001cc                isr_irq9
                0x00000000100001d2                unhandled_user_irq_num_in_r0
 *(.binary_info_header)
 .binary_info_header
                0x00000000100001d4       0x14 CMakeFiles/firmware.dir/home/ryzerth/pico-sdk/src/rp2_common/pico_standard_link/crt0.S.obj
                0x00000000100001e8                __binary_info_header_end = .
 *(.reset)
 .reset         0x00000000100001e8       0xa0 CMakeFiles/firmware.dir/home/ryzerth/pico-sdk/src/rp2_common/pico_standard_link/crt0.S.obj
                0x00000000100001e8                _entry_point
 .reset         0x0000000010000288       0x30 CMakeFiles/firmware.dir/home/ryzerth/pico-sdk/src/rp2_common/pico_standard_link/binary_info.c.obj
 *(.init)
 .init          0x00000000100002b8        0x4 /usr/lib/gcc/arm-none-eabi/12.2.0/thumb/v6-m/nofp/crti.o
                0x00000000100002b8                _init
 *(EXCLUDE_FILE(*libm.a: *libc.a:*lib_a-mem*.o *libgcc.a:) .text*)
 .text.frame_dummy
                0x00000000100002bc       0x20 /usr/lib/gcc/arm-none-eabi/12.2.0/thumb/v6-m/nofp/crtbegin.o
 .text._Z13vsync_handlerjm
                0x00000000100002dc       0x3c CMakeFiles/firmware.dir/src/main.cpp.obj
                0x00000000100002dc                vsync_handler(unsigned int, unsigned long)
 .text.startup.main
                0x0000000010000318      0x174 CMakeFiles/firmware.dir/src/main.cpp.obj
                0x0000000010000318                main
 .text._Z13r820t_set_pllP12r820t_priv_tm
                0x000000001000048c      0x1c4 CMakeFiles/firmware.dir/lib/r820t.cpp.obj
                0x000000001000048c                r820t_set_pll(r820t_priv_t*, unsigned long)
 .text._Z14r820t_set_freqP12r820t_priv_tm
                0x0000000010000650      0x19c CMakeFiles/firmware.dir/lib/r820t.cpp.obj
                0x0000000010000650                r820t_set_freq(r820t_priv_t*, unsigned long)
 .text._Z15r820t_calibrateP12r820t_priv_t
                0x00000000100007ec      0x204 CMakeFiles/firmware.dir/lib/r820t.cpp.obj
                0x00000000100007ec                r820t_calibrate(r820t_priv_t*)
 .text._Z10r820t_initP12r820t_priv_tm
                0x00000000100009f0       0xa8 CMakeFiles/firmware.dir/lib/r820t.cpp.obj
                0x00000000100009f0                r820t_init(r820t_priv_t*, unsigned long)
 .text._Z13r820t_standbyv
                0x0000000010000a98      0x10c CMakeFiles/firmware.dir/lib/r820t.cpp.obj
                0x0000000010000a98                r820t_standby()
 .text._ZN6ST77XX6DriverC2Eiiiiiii
                0x0000000010000ba4       0xb8 CMakeFiles/firmware.dir/lib/st77xx.cpp.obj
                0x0000000010000ba4                ST77XX::Driver::Driver(int, int, int, int, int, int, int)
                0x0000000010000ba4                ST77XX::Driver::Driver(int, int, int, int, int, int, int)
 .text._ZN6ST77XX6DriveraSEOKS0_
                0x0000000010000c5c       0x1c CMakeFiles/firmware.dir/lib/st77xx.cpp.obj
                0x0000000010000c5c                ST77XX::Driver::operator=(ST77XX::Driver const&&)
 .text._ZN6ST77XX6Driver5resetENS_9ResetTypeE
                0x0000000010000c78       0x4c CMakeFiles/firmware.dir/lib/st77xx.cpp.obj
                0x0000000010000c78                ST77XX::Driver::reset(ST77XX::ResetType)
 .text._ZN6ST77XX6Driver8setSleepEb
                0x0000000010000cc4       0x38 CMakeFiles/firmware.dir/lib/st77xx.cpp.obj
                0x0000000010000cc4                ST77XX::Driver::setSleep(bool)
 .text._ZN6ST77XX6Driver10setPartialEb
                0x0000000010000cfc       0x28 CMakeFiles/firmware.dir/lib/st77xx.cpp.obj
                0x0000000010000cfc                ST77XX::Driver::setPartial(bool)
 .text._ZN6ST77XX6Driver11setInvertedEb
                0x0000000010000d24       0x28 CMakeFiles/firmware.dir/lib/st77xx.cpp.obj
                0x0000000010000d24                ST77XX::Driver::setInverted(bool)
 .text._ZN6ST77XX6Driver8setBlankEb
                0x0000000010000d4c       0x28 CMakeFiles/firmware.dir/lib/st77xx.cpp.obj
                0x0000000010000d4c                ST77XX::Driver::setBlank(bool)
 .text._ZN6ST77XX6Driver4blitEttttPh
                0x0000000010000d74      0x118 CMakeFiles/firmware.dir/lib/st77xx.cpp.obj
                0x0000000010000d74                ST77XX::Driver::blit(unsigned short, unsigned short, unsigned short, unsigned short, unsigned char*)
 .text._ZN6ST77XX6Driver20defineVerticalScrollEttt
                0x0000000010000e8c       0x58 CMakeFiles/firmware.dir/lib/st77xx.cpp.obj
                0x0000000010000e8c                ST77XX::Driver::defineVerticalScroll(unsigned short, unsigned short, unsigned short)
 .text._ZN6ST77XX6Driver16setTearingOutputEb
                0x0000000010000ee4       0x28 CMakeFiles/firmware.dir/lib/st77xx.cpp.obj
                0x0000000010000ee4                ST77XX::Driver::setTearingOutput(bool)
 .text._ZN6ST77XX6Driver15setMemoryAccessEbbbNS_13LineScanOrderENS_15ColumnScanOrderENS_10ColorOrderE
                0x0000000010000f0c      0x178 CMakeFiles/firmware.dir/lib/st77xx.cpp.obj
                0x0000000010000f0c                ST77XX::Driver::setMemoryAccess(bool, bool, bool, ST77XX::LineScanOrder, ST77XX::ColumnScanOrder, ST77XX::ColorOrder)
 .text._ZN6ST77XX6Driver18setScrollStartLineEt
                0x0000000010001084       0x4c CMakeFiles/firmware.dir/lib/st77xx.cpp.obj
                0x0000000010001084                ST77XX::Driver::setScrollStartLine(unsigned short)
 .text._ZN6ST77XX6Driver12setColorModeENS_9ColorModeE
                0x00000000100010d0       0x44 CMakeFiles/firmware.dir/lib/st77xx.cpp.obj
                0x00000000100010d0                ST77XX::Driver::setColorMode(ST77XX::ColorMode)
 .text._ZN6ST77XX6Driver7setIdleEb
                0x0000000010001114       0x28 CMakeFiles/firmware.dir/lib/st77xx.cpp.obj
                0x0000000010001114                ST77XX::Driver::setIdle(bool)
 .text._Z11ws2812_mainv
                0x000000001000113c      0x32c CMakeFiles/firmware.dir/lib/ws2812/ws2812.cpp.obj
                0x000000001000113c                ws2812_main()
 .text.gpio_default_irq_handler
                0x0000000010001468      0x220 CMakeFiles/firmware.dir/home/ryzerth/pico-sdk/src/rp2_common/hardware_gpio/gpio.c.obj
 .text.gpio_set_function
                0x0000000010001688       0x30 CMakeFiles/firmware.dir/home/ryzerth/pico-sdk/src/rp2_common/hardware_gpio/gpio.c.obj
                0x0000000010001688                gpio_set_function
 .text.gpio_set_irq_enabled_with_callback
                0x00000000100016b8       0xc4 CMakeFiles/firmware.dir/home/ryzerth/pico-sdk/src/rp2_common/hardware_gpio/gpio.c.obj
                0x00000000100016b8                gpio_set_irq_enabled_with_callback
 .text.gpio_init
                0x000000001000177c       0x3c CMakeFiles/firmware.dir/home/ryzerth/pico-sdk/src/rp2_common/hardware_gpio/gpio.c.obj
                0x000000001000177c                gpio_init
 .text.running_on_fpga
                0x00000000100017b8       0x10 CMakeFiles/firmware.dir/home/ryzerth/pico-sdk/src/rp2_common/pico_platform/platform.c.obj
                0x00000000100017b8                running_on_fpga
 .text.hw_claim_lock
                0x00000000100017c8       0x18 CMakeFiles/firmware.dir/home/ryzerth/pico-sdk/src/rp2_common/hardware_claim/claim.c.obj
                0x00000000100017c8                hw_claim_lock
 .text.hw_claim_unlock
                0x00000000100017e0       0x14 CMakeFiles/firmware.dir/home/ryzerth/pico-sdk/src/rp2_common/hardware_claim/claim.c.obj
                0x00000000100017e0                hw_claim_unlock
 .text.hw_claim_or_assert
                0x00000000100017f4       0x44 CMakeFiles/firmware.dir/home/ryzerth/pico-sdk/src/rp2_common/hardware_claim/claim.c.obj
                0x00000000100017f4                hw_claim_or_assert
 .text.hw_claim_unused_from_range
                0x0000000010001838       0x9c CMakeFiles/firmware.dir/home/ryzerth/pico-sdk/src/rp2_common/hardware_claim/claim.c.obj
                0x0000000010001838                hw_claim_unused_from_range
 .text.spin_locks_reset
                0x00000000100018d4       0x1c CMakeFiles/firmware.dir/home/ryzerth/pico-sdk/src/rp2_common/hardware_sync/sync.c.obj
                0x00000000100018d4                spin_locks_reset
 .text.next_striped_spin_lock_num
                0x00000000100018f0       0x18 CMakeFiles/firmware.dir/home/ryzerth/pico-sdk/src/rp2_common/hardware_sync/sync.c.obj
                0x00000000100018f0                next_striped_spin_lock_num
 .text.spin_lock_claim_unused
                0x0000000010001908       0x24 CMakeFiles/firmware.dir/home/ryzerth/pico-sdk/src/rp2_common/hardware_sync/sync.c.obj
                0x0000000010001908                spin_lock_claim_unused
 .text.irq_set_enabled
                0x000000001000192c       0x24 CMakeFiles/firmware.dir/home/ryzerth/pico-sdk/src/rp2_common/hardware_irq/irq.c.obj
                0x000000001000192c                irq_set_enabled
 .text.irq_set_pending
                0x0000000010001950       0x10 CMakeFiles/firmware.dir/home/ryzerth/pico-sdk/src/rp2_common/hardware_irq/irq.c.obj
                0x0000000010001950                irq_set_pending
 .text.irq_has_shared_handler
                0x0000000010001960       0x2c CMakeFiles/firmware.dir/home/ryzerth/pico-sdk/src/rp2_common/hardware_irq/irq.c.obj
                0x0000000010001960                irq_has_shared_handler
 .text.irq_get_vtable_handler
                0x000000001000198c       0x10 CMakeFiles/firmware.dir/home/ryzerth/pico-sdk/src/rp2_common/hardware_irq/irq.c.obj
                0x000000001000198c                irq_get_vtable_handler
 .text.irq_set_exclusive_handler
                0x000000001000199c       0x54 CMakeFiles/firmware.dir/home/ryzerth/pico-sdk/src/rp2_common/hardware_irq/irq.c.obj
                0x000000001000199c                irq_set_exclusive_handler
 .text.irq_add_shared_handler
                0x00000000100019f0      0x1e0 CMakeFiles/firmware.dir/home/ryzerth/pico-sdk/src/rp2_common/hardware_irq/irq.c.obj
                0x00000000100019f0                irq_add_shared_handler
 .text.irq_remove_handler
                0x0000000010001bd0      0x1c4 CMakeFiles/firmware.dir/home/ryzerth/pico-sdk/src/rp2_common/hardware_irq/irq.c.obj
                0x0000000010001bd0                irq_remove_handler
 .text.irq_add_tail_to_free_list
                0x0000000010001d94       0xb4 CMakeFiles/firmware.dir/home/ryzerth/pico-sdk/src/rp2_common/hardware_irq/irq.c.obj
                0x0000000010001d94                irq_add_tail_to_free_list
 .text.irq_init_priorities
                0x0000000010001e48       0x24 CMakeFiles/firmware.dir/home/ryzerth/pico-sdk/src/rp2_common/hardware_irq/irq.c.obj
                0x0000000010001e48                irq_init_priorities
 .text.user_irq_claim_unused
                0x0000000010001e6c       0x2c CMakeFiles/firmware.dir/home/ryzerth/pico-sdk/src/rp2_common/hardware_irq/irq.c.obj
                0x0000000010001e6c                user_irq_claim_unused
 .text.lock_init
                0x0000000010001e98       0x10 CMakeFiles/firmware.dir/home/ryzerth/pico-sdk/src/common/pico_sync/lock_core.c.obj
                0x0000000010001e98                lock_init
 .text.mutex_init
                0x0000000010001ea8       0x1c CMakeFiles/firmware.dir/home/ryzerth/pico-sdk/src/common/pico_sync/mutex.c.obj
                0x0000000010001ea8                mutex_init
 .text.recursive_mutex_init
                0x0000000010001ec4       0x1c CMakeFiles/firmware.dir/home/ryzerth/pico-sdk/src/common/pico_sync/mutex.c.obj
                0x0000000010001ec4                recursive_mutex_init
 .text.critical_section_init
                0x0000000010001ee0       0x1c CMakeFiles/firmware.dir/home/ryzerth/pico-sdk/src/common/pico_sync/critical_section.c.obj
                0x0000000010001ee0                critical_section_init
 .text.critical_section_init_with_lock_num
                0x0000000010001efc       0x14 CMakeFiles/firmware.dir/home/ryzerth/pico-sdk/src/common/pico_sync/critical_section.c.obj
                0x0000000010001efc                critical_section_init_with_lock_num
 .text.timer_pool_entry_comparator
                0x0000000010001f10       0x34 CMakeFiles/firmware.dir/home/ryzerth/pico-sdk/src/common/pico_time/time.c.obj
                0x0000000010001f10                timer_pool_entry_comparator
 .text.sleep_until_callback
                0x0000000010001f44       0x30 CMakeFiles/firmware.dir/home/ryzerth/pico-sdk/src/common/pico_time/time.c.obj
 .text.add_alarm_under_lock.isra.0
                0x0000000010001f74       0xf8 CMakeFiles/firmware.dir/home/ryzerth/pico-sdk/src/common/pico_time/time.c.obj
 .text.alarm_pool_alarm_callback
                0x000000001000206c      0x1c0 CMakeFiles/firmware.dir/home/ryzerth/pico-sdk/src/common/pico_time/time.c.obj
 .text.alarm_pool_init_default
                0x000000001000222c       0x6c CMakeFiles/firmware.dir/home/ryzerth/pico-sdk/src/common/pico_time/time.c.obj
                0x000000001000222c                alarm_pool_init_default
 .text.alarm_pool_get_default
                0x0000000010002298        0x8 CMakeFiles/firmware.dir/home/ryzerth/pico-sdk/src/common/pico_time/time.c.obj
                0x0000000010002298                alarm_pool_get_default
 .text.alarm_pool_add_alarm_at
                0x00000000100022a0      0x17c CMakeFiles/firmware.dir/home/ryzerth/pico-sdk/src/common/pico_time/time.c.obj
                0x00000000100022a0                alarm_pool_add_alarm_at
 .text.alarm_pool_core_num
                0x000000001000241c        0x4 CMakeFiles/firmware.dir/home/ryzerth/pico-sdk/src/common/pico_time/time.c.obj
                0x000000001000241c                alarm_pool_core_num
 .text.sleep_until
                0x0000000010002420       0xc4 CMakeFiles/firmware.dir/home/ryzerth/pico-sdk/src/common/pico_time/time.c.obj
                0x0000000010002420                sleep_until
 .text.sleep_us
                0x00000000100024e4       0x28 CMakeFiles/firmware.dir/home/ryzerth/pico-sdk/src/common/pico_time/time.c.obj
                0x00000000100024e4                sleep_us
 .text.sleep_ms
                0x000000001000250c       0x38 CMakeFiles/firmware.dir/home/ryzerth/pico-sdk/src/common/pico_time/time.c.obj
                0x000000001000250c                sleep_ms
 .text.best_effort_wfe_or_timeout
                0x0000000010002544       0xcc CMakeFiles/firmware.dir/home/ryzerth/pico-sdk/src/common/pico_time/time.c.obj
                0x0000000010002544                best_effort_wfe_or_timeout
 .text.hardware_alarm_irq_handler
                0x0000000010002610       0xbc CMakeFiles/firmware.dir/home/ryzerth/pico-sdk/src/rp2_common/hardware_timer/timer.c.obj
 .text.hardware_alarm_claim
                0x00000000100026cc       0x18 CMakeFiles/firmware.dir/home/ryzerth/pico-sdk/src/rp2_common/hardware_timer/timer.c.obj
                0x00000000100026cc                hardware_alarm_claim
 .text.time_us_64
                0x00000000100026e4       0x14 CMakeFiles/firmware.dir/home/ryzerth/pico-sdk/src/rp2_common/hardware_timer/timer.c.obj
                0x00000000100026e4                time_us_64
 .text.busy_wait_until
                0x00000000100026f8       0x20 CMakeFiles/firmware.dir/home/ryzerth/pico-sdk/src/rp2_common/hardware_timer/timer.c.obj
                0x00000000100026f8                busy_wait_until
 .text.hardware_alarm_set_callback
                0x0000000010002718       0x8c CMakeFiles/firmware.dir/home/ryzerth/pico-sdk/src/rp2_common/hardware_timer/timer.c.obj
                0x0000000010002718                hardware_alarm_set_callback
 .text.hardware_alarm_set_target
                0x00000000100027a4       0xd0 CMakeFiles/firmware.dir/home/ryzerth/pico-sdk/src/rp2_common/hardware_timer/timer.c.obj
                0x00000000100027a4                hardware_alarm_set_target
 .text.hardware_alarm_cancel
                0x0000000010002874       0x3c CMakeFiles/firmware.dir/home/ryzerth/pico-sdk/src/rp2_common/hardware_timer/timer.c.obj
                0x0000000010002874                hardware_alarm_cancel
 .text.ph_merge_nodes
                0x00000000100028b0       0x58 CMakeFiles/firmware.dir/home/ryzerth/pico-sdk/src/common/pico_util/pheap.c.obj
 .text.ph_post_alloc_init
                0x0000000010002908       0x3c CMakeFiles/firmware.dir/home/ryzerth/pico-sdk/src/common/pico_util/pheap.c.obj
                0x0000000010002908                ph_post_alloc_init
 .text.ph_merge_two_pass
                0x0000000010002944       0x8c CMakeFiles/firmware.dir/home/ryzerth/pico-sdk/src/common/pico_util/pheap.c.obj
                0x0000000010002944                ph_merge_two_pass
 .text.ph_remove_any_head
                0x00000000100029d0      0x100 CMakeFiles/firmware.dir/home/ryzerth/pico-sdk/src/common/pico_util/pheap.c.obj
 .text.ph_remove_head
                0x0000000010002ad0      0x104 CMakeFiles/firmware.dir/home/ryzerth/pico-sdk/src/common/pico_util/pheap.c.obj
                0x0000000010002ad0                ph_remove_head
 .text.ph_remove_and_free_node
                0x0000000010002bd4       0x78 CMakeFiles/firmware.dir/home/ryzerth/pico-sdk/src/common/pico_util/pheap.c.obj
                0x0000000010002bd4                ph_remove_and_free_node
 .text.clocks_init
                0x0000000010002c4c      0x2c8 CMakeFiles/firmware.dir/home/ryzerth/pico-sdk/src/rp2_common/hardware_clocks/clocks.c.obj
                0x0000000010002c4c                clocks_init
 .text.clock_get_hz
                0x0000000010002f14        0xc CMakeFiles/firmware.dir/home/ryzerth/pico-sdk/src/rp2_common/hardware_clocks/clocks.c.obj
                0x0000000010002f14                clock_get_hz
 .text.pll_init
                0x0000000010002f20       0xa0 CMakeFiles/firmware.dir/home/ryzerth/pico-sdk/src/rp2_common/hardware_pll/pll.c.obj
                0x0000000010002f20                pll_init
 .text.watchdog_start_tick
                0x0000000010002fc0       0x10 CMakeFiles/firmware.dir/home/ryzerth/pico-sdk/src/rp2_common/hardware_watchdog/watchdog.c.obj
                0x0000000010002fc0                watchdog_start_tick
 .text.watchdog_reboot
                0x0000000010002fd0       0x9c CMakeFiles/firmware.dir/home/ryzerth/pico-sdk/src/rp2_common/hardware_watchdog/watchdog.c.obj
                0x0000000010002fd0                watchdog_reboot
 .text.xosc_init
                0x000000001000306c       0x28 CMakeFiles/firmware.dir/home/ryzerth/pico-sdk/src/rp2_common/hardware_xosc/xosc.c.obj
                0x000000001000306c                xosc_init
 .text.runtime_init
                0x0000000010003094       0xec CMakeFiles/firmware.dir/home/ryzerth/pico-sdk/src/rp2_common/pico_runtime/runtime.c.obj
                0x0000000010003094                runtime_init
 .text._exit    0x0000000010003180        0x4 CMakeFiles/firmware.dir/home/ryzerth/pico-sdk/src/rp2_common/pico_runtime/runtime.c.obj
                0x0000000010003180                _exit
 .text.exit     0x0000000010003184        0x8 CMakeFiles/firmware.dir/home/ryzerth/pico-sdk/src/rp2_common/pico_runtime/runtime.c.obj
                0x0000000010003184                exit
 .text.panic    0x000000001000318c       0x30 CMakeFiles/firmware.dir/home/ryzerth/pico-sdk/src/rp2_common/pico_runtime/runtime.c.obj
                0x000000001000318c                panic
 .text.hard_assertion_failure
                0x00000000100031bc        0xc CMakeFiles/firmware.dir/home/ryzerth/pico-sdk/src/rp2_common/pico_runtime/runtime.c.obj
                0x00000000100031bc                hard_assertion_failure
 .text._out_null
                0x00000000100031c8        0x4 CMakeFiles/firmware.dir/home/ryzerth/pico-sdk/src/rp2_common/pico_printf/printf.c.obj
 .text._out_rev
                0x00000000100031cc       0x90 CMakeFiles/firmware.dir/home/ryzerth/pico-sdk/src/rp2_common/pico_printf/printf.c.obj
 .text._ntoa_format
                0x000000001000325c      0x208 CMakeFiles/firmware.dir/home/ryzerth/pico-sdk/src/rp2_common/pico_printf/printf.c.obj
 .text._out_char
                0x0000000010003464       0x10 CMakeFiles/firmware.dir/home/ryzerth/pico-sdk/src/rp2_common/pico_printf/printf.c.obj
 .text._out_fct
                0x0000000010003474       0x10 CMakeFiles/firmware.dir/home/ryzerth/pico-sdk/src/rp2_common/pico_printf/printf.c.obj
 .text._etoa    0x0000000010003484      0x464 CMakeFiles/firmware.dir/home/ryzerth/pico-sdk/src/rp2_common/pico_printf/printf.c.obj
 .text._ftoa    0x00000000100038e8      0x3c4 CMakeFiles/firmware.dir/home/ryzerth/pico-sdk/src/rp2_common/pico_printf/printf.c.obj
 .text._vsnprintf
                0x0000000010003cac      0xc18 CMakeFiles/firmware.dir/home/ryzerth/pico-sdk/src/rp2_common/pico_printf/printf.c.obj
 .text.vfctprintf
                0x00000000100048c4       0x20 CMakeFiles/firmware.dir/home/ryzerth/pico-sdk/src/rp2_common/pico_printf/printf.c.obj
                0x00000000100048c4                vfctprintf
 .text.weak_raw_vprintf
                0x00000000100048e4       0x30 CMakeFiles/firmware.dir/home/ryzerth/pico-sdk/src/rp2_common/pico_printf/printf.c.obj
                0x00000000100048e4                weak_raw_vprintf
 .text          0x0000000010004914       0x10 CMakeFiles/firmware.dir/home/ryzerth/pico-sdk/src/rp2_common/pico_bit_ops/bit_ops_aeabi.S.obj
 .text.rom_func_lookup
                0x0000000010004924       0x10 CMakeFiles/firmware.dir/home/ryzerth/pico-sdk/src/rp2_common/pico_bootrom/bootrom.c.obj
                0x0000000010004924                rom_func_lookup
 .text.rom_data_lookup
                0x0000000010004934       0x10 CMakeFiles/firmware.dir/home/ryzerth/pico-sdk/src/rp2_common/pico_bootrom/bootrom.c.obj
                0x0000000010004934                rom_data_lookup
 .text.rom_funcs_lookup
                0x0000000010004944       0x44 CMakeFiles/firmware.dir/home/ryzerth/pico-sdk/src/rp2_common/pico_bootrom/bootrom.c.obj
                0x0000000010004944                rom_funcs_lookup
 .text.__wrap___aeabi_idiv
                0x0000000010004988       0x50 CMakeFiles/firmware.dir/home/ryzerth/pico-sdk/src/rp2_common/pico_divider/divider.S.obj
                0x0000000010004988                __wrap___aeabi_idivmod
                0x0000000010004988                divmod_s32s32
                0x0000000010004988                div_s32s32
                0x0000000010004988                __wrap___aeabi_idiv
                0x0000000010004990                divmod_s32s32_unsafe
                0x00000000100049bc                divmod_s32s32_savestate
 .text.__wrap___aeabi_uidiv
                0x00000000100049d8       0x4c CMakeFiles/firmware.dir/home/ryzerth/pico-sdk/src/rp2_common/pico_divider/divider.S.obj
                0x00000000100049d8                __wrap___aeabi_uidiv
                0x00000000100049d8                __wrap___aeabi_uidivmod
                0x00000000100049d8                div_u32u32
                0x00000000100049d8                divmod_u32u32
                0x00000000100049e0                divmod_u32u32_unsafe
                0x0000000010004a08                divmod_u32u32_savestate
 .text.__wrap___aeabi_ldiv
                0x0000000010004a24      0x424 CMakeFiles/firmware.dir/home/ryzerth/pico-sdk/src/rp2_common/pico_divider/divider.S.obj
                0x0000000010004a24                div_s64s64
                0x0000000010004a24                divmod_s64s64
                0x0000000010004a24                __wrap___aeabi_ldivmod
                0x0000000010004a54                div_u64u64
                0x0000000010004a54                divmod_u64u64
                0x0000000010004a54                __wrap___aeabi_uldivmod
                0x0000000010004a64                divmod_u64u64_savestate
                0x0000000010004a84                divmod_s64s64_unsafe
                0x0000000010004b0c                divmod_u64u64_unsafe
 .text.__wrap___aeabi_darithmetic
                0x0000000010004e48       0x80 CMakeFiles/firmware.dir/home/ryzerth/pico-sdk/src/rp2_common/pico_double/double_aeabi.S.obj
                0x0000000010004e48                __wrap___aeabi_drsub
                0x0000000010004e4e                __wrap___aeabi_dsub
                0x0000000010004e60                __wrap___aeabi_dadd
                0x0000000010004e72                __wrap___aeabi_ddiv
                0x0000000010004eae                __wrap___aeabi_dmul
 .text.__wrap___aeabi_cdcmple
                0x0000000010004ec8       0x6c CMakeFiles/firmware.dir/home/ryzerth/pico-sdk/src/rp2_common/pico_double/double_aeabi.S.obj
                0x0000000010004ec8                __wrap___aeabi_cdrcmple
                0x0000000010004ed8                __wrap___aeabi_cdcmple
                0x0000000010004ed8                __wrap___aeabi_cdcmpeq
 .text.__wrap___aeabi_dcmpeq
                0x0000000010004f34       0x10 CMakeFiles/firmware.dir/home/ryzerth/pico-sdk/src/rp2_common/pico_double/double_aeabi.S.obj
                0x0000000010004f34                __wrap___aeabi_dcmpeq
 .text.__wrap___aeabi_dcmplt
                0x0000000010004f44        0xc CMakeFiles/firmware.dir/home/ryzerth/pico-sdk/src/rp2_common/pico_double/double_aeabi.S.obj
                0x0000000010004f44                __wrap___aeabi_dcmplt
 .text.__wrap___aeabi_dcmpge
                0x0000000010004f50       0x10 CMakeFiles/firmware.dir/home/ryzerth/pico-sdk/src/rp2_common/pico_double/double_aeabi.S.obj
                0x0000000010004f50                __wrap___aeabi_dcmpge
 .text.__wrap___aeabi_dcmpgt
                0x0000000010004f60        0xa CMakeFiles/firmware.dir/home/ryzerth/pico-sdk/src/rp2_common/pico_double/double_aeabi.S.obj
                0x0000000010004f60                __wrap___aeabi_dcmpgt
 .text.__wrap___aeabi_dcmpun
                0x0000000010004f6a       0x1c CMakeFiles/firmware.dir/home/ryzerth/pico-sdk/src/rp2_common/pico_double/double_aeabi.S.obj
                0x0000000010004f6a                __wrap___aeabi_dcmpun
 *fill*         0x0000000010004f86        0x2 
 .text.__wrap___aeabi_i2d
                0x0000000010004f88       0x38 CMakeFiles/firmware.dir/home/ryzerth/pico-sdk/src/rp2_common/pico_double/double_aeabi.S.obj
                0x0000000010004f88                __wrap___aeabi_ui2d
                0x0000000010004f90                __wrap___aeabi_i2d
 .text.__wrap___aeabi_d2iz
                0x0000000010004fc0       0x48 CMakeFiles/firmware.dir/home/ryzerth/pico-sdk/src/rp2_common/pico_double/double_aeabi.S.obj
                0x0000000010004fc0                __wrap___aeabi_d2iz
                0x0000000010004fc0                double2int_z
 .text.__wrap___aeabi_d2uiz
                0x0000000010005008       0x18 CMakeFiles/firmware.dir/home/ryzerth/pico-sdk/src/rp2_common/pico_double/double_aeabi.S.obj
                0x0000000010005008                double2uint
                0x0000000010005008                __wrap___aeabi_d2uiz
 .text.__aeabi_double_init
                0x0000000010005020       0x98 CMakeFiles/firmware.dir/home/ryzerth/pico-sdk/src/rp2_common/pico_double/double_init_rom.c.obj
                0x0000000010005020                __aeabi_double_init
 .text.double_table_shim_on_use_helper
                0x00000000100050b8       0x2c CMakeFiles/firmware.dir/home/ryzerth/pico-sdk/src/rp2_common/pico_double/double_v1_rom_shim.S.obj
                0x00000000100050b8                double_table_shim_on_use_helper
 .text.__wrap___aeabi_dsub
                0x00000000100050e4       0x10 CMakeFiles/firmware.dir/home/ryzerth/pico-sdk/src/rp2_common/pico_double/double_v1_rom_shim.S.obj
                0x00000000100050e4                drsub_shim
                0x00000000100050ea                dsub_shim
 .text.dadd_shim
                0x00000000100050f4      0x15c CMakeFiles/firmware.dir/home/ryzerth/pico-sdk/src/rp2_common/pico_double/double_v1_rom_shim.S.obj
                0x00000000100050f4                dadd_shim
 .text.dmul_shim
                0x0000000010005250      0x15c CMakeFiles/firmware.dir/home/ryzerth/pico-sdk/src/rp2_common/pico_double/double_v1_rom_shim.S.obj
                0x0000000010005250                dmul_shim
 .text.ddiv_shim
                0x00000000100053ac      0x1b0 CMakeFiles/firmware.dir/home/ryzerth/pico-sdk/src/rp2_common/pico_double/double_v1_rom_shim.S.obj
                0x00000000100053ac                ddiv_shim
 .text.double2uint_shim
                0x000000001000555c        0xe CMakeFiles/firmware.dir/home/ryzerth/pico-sdk/src/rp2_common/pico_double/double_v1_rom_shim.S.obj
                0x000000001000555c                double2uint_shim
                0x000000001000555e                double2ufix_shim
 *fill*         0x000000001000556a        0x2 
 .text.double2uint64_shim
                0x000000001000556c       0x70 CMakeFiles/firmware.dir/home/ryzerth/pico-sdk/src/rp2_common/pico_double/double_v1_rom_shim.S.obj
                0x000000001000556c                double2uint64_shim
                0x000000001000556e                double2ufix64_shim
                0x000000001000558e                d2fix_a
 .text.dunpacks
                0x00000000100055dc       0x3c CMakeFiles/firmware.dir/home/ryzerth/pico-sdk/src/rp2_common/pico_double/double_v1_rom_shim.S.obj
                0x00000000100055dc                dunpacks
 .text.__aeabi_lmul
                0x0000000010005618       0x32 CMakeFiles/firmware.dir/home/ryzerth/pico-sdk/src/rp2_common/pico_int64_ops/pico_int64_ops_aeabi.S.obj
                0x0000000010005618                __wrap___aeabi_lmul
 *fill*         0x000000001000564a        0x2 
 .text.__wrap___aeabi_farithmetic
                0x000000001000564c       0x48 CMakeFiles/firmware.dir/home/ryzerth/pico-sdk/src/rp2_common/pico_float/float_aeabi.S.obj
                0x000000001000564c                __wrap___aeabi_frsub
                0x0000000010005652                __wrap___aeabi_fsub
                0x0000000010005658                __wrap___aeabi_fadd
                0x000000001000565e                __wrap___aeabi_fdiv
                0x0000000010005686                __wrap___aeabi_fmul
 .text.__wrap___aeabi_ui2f
                0x0000000010005694        0xa CMakeFiles/firmware.dir/home/ryzerth/pico-sdk/src/rp2_common/pico_float/float_aeabi.S.obj
                0x0000000010005694                __wrap___aeabi_ui2f
 *fill*         0x000000001000569e        0x2 
 .text.__wrap___aeabi_i2f
                0x00000000100056a0       0x44 CMakeFiles/firmware.dir/home/ryzerth/pico-sdk/src/rp2_common/pico_float/float_aeabi.S.obj
                0x00000000100056a0                __wrap___aeabi_i2f
 .text.__wrap___aeabi_f2uiz
                0x00000000100056e4        0xc CMakeFiles/firmware.dir/home/ryzerth/pico-sdk/src/rp2_common/pico_float/float_aeabi.S.obj
                0x00000000100056e4                __wrap___aeabi_f2uiz
 .text.__aeabi_float_init
                0x00000000100056f0       0x64 CMakeFiles/firmware.dir/home/ryzerth/pico-sdk/src/rp2_common/pico_float/float_init_rom.c.obj
                0x00000000100056f0                __aeabi_float_init
 .text.float_table_shim_on_use_helper
                0x0000000010005754       0x2c CMakeFiles/firmware.dir/home/ryzerth/pico-sdk/src/rp2_common/pico_float/float_v1_rom_shim.S.obj
                0x0000000010005754                float_table_shim_on_use_helper
 .text          0x0000000010005780       0x10 CMakeFiles/firmware.dir/home/ryzerth/pico-sdk/src/rp2_common/pico_mem_ops/mem_ops_aeabi.S.obj
                0x0000000010005780                __aeabi_mem_init
 .text.memset   0x0000000010005790        0xc CMakeFiles/firmware.dir/home/ryzerth/pico-sdk/src/rp2_common/pico_mem_ops/mem_ops_aeabi.S.obj
                0x0000000010005790                __wrap_memset
 .text.memcpy   0x000000001000579c        0xc CMakeFiles/firmware.dir/home/ryzerth/pico-sdk/src/rp2_common/pico_mem_ops/mem_ops_aeabi.S.obj
                0x000000001000579c                __wrap___aeabi_memcpy
                0x000000001000579c                __wrap_memcpy
 .text.stdio_out_chars_crlf
                0x00000000100057a8       0x94 CMakeFiles/firmware.dir/home/ryzerth/pico-sdk/src/rp2_common/pico_stdio/stdio.c.obj
 .text.stdio_buffered_printer
                0x000000001000583c       0x64 CMakeFiles/firmware.dir/home/ryzerth/pico-sdk/src/rp2_common/pico_stdio/stdio.c.obj
 .text.__wrap_putchar
                0x00000000100058a0       0x98 CMakeFiles/firmware.dir/home/ryzerth/pico-sdk/src/rp2_common/pico_stdio/stdio.c.obj
                0x00000000100058a0                __wrap_putchar
 .text.__wrap_puts
                0x0000000010005938       0xe0 CMakeFiles/firmware.dir/home/ryzerth/pico-sdk/src/rp2_common/pico_stdio/stdio.c.obj
                0x0000000010005938                __wrap_puts
 .text.stdio_set_driver_enabled
                0x0000000010005a18       0x30 CMakeFiles/firmware.dir/home/ryzerth/pico-sdk/src/rp2_common/pico_stdio/stdio.c.obj
                0x0000000010005a18                stdio_set_driver_enabled
 .text.__wrap_vprintf
                0x0000000010005a48       0xd4 CMakeFiles/firmware.dir/home/ryzerth/pico-sdk/src/rp2_common/pico_stdio/stdio.c.obj
                0x0000000010005a48                __wrap_vprintf
 .text.__wrap_printf
                0x0000000010005b1c       0x18 CMakeFiles/firmware.dir/home/ryzerth/pico-sdk/src/rp2_common/pico_stdio/stdio.c.obj
                0x0000000010005b1c                __wrap_printf
 .text.stdio_init_all
                0x0000000010005b34        0x8 CMakeFiles/firmware.dir/home/ryzerth/pico-sdk/src/rp2_common/pico_stdio/stdio.c.obj
                0x0000000010005b34                stdio_init_all
 .text.resetd_init
                0x0000000010005b3c        0x4 CMakeFiles/firmware.dir/home/ryzerth/pico-sdk/src/rp2_common/pico_stdio_usb/reset_interface.c.obj
 .text.resetd_reset
                0x0000000010005b40        0xc CMakeFiles/firmware.dir/home/ryzerth/pico-sdk/src/rp2_common/pico_stdio_usb/reset_interface.c.obj
 .text.resetd_open
                0x0000000010005b4c       0x28 CMakeFiles/firmware.dir/home/ryzerth/pico-sdk/src/rp2_common/pico_stdio_usb/reset_interface.c.obj
 .text.resetd_xfer_cb
                0x0000000010005b74        0x4 CMakeFiles/firmware.dir/home/ryzerth/pico-sdk/src/rp2_common/pico_stdio_usb/reset_interface.c.obj
 .text.resetd_control_xfer_cb
                0x0000000010005b78       0x60 CMakeFiles/firmware.dir/home/ryzerth/pico-sdk/src/rp2_common/pico_stdio_usb/reset_interface.c.obj
 .text.usbd_app_driver_get_cb
                0x0000000010005bd8        0xc CMakeFiles/firmware.dir/home/ryzerth/pico-sdk/src/rp2_common/pico_stdio_usb/reset_interface.c.obj
                0x0000000010005bd8                usbd_app_driver_get_cb
 .text.tud_cdc_line_coding_cb
                0x0000000010005be4       0x34 CMakeFiles/firmware.dir/home/ryzerth/pico-sdk/src/rp2_common/pico_stdio_usb/reset_interface.c.obj
                0x0000000010005be4                tud_cdc_line_coding_cb
 .text.stdio_usb_set_chars_available_callback
                0x0000000010005c18       0x14 CMakeFiles/firmware.dir/home/ryzerth/pico-sdk/src/rp2_common/pico_stdio_usb/stdio_usb.c.obj
                0x0000000010005c18                stdio_usb_set_chars_available_callback
 .text.usb_irq  0x0000000010005c2c       0x10 CMakeFiles/firmware.dir/home/ryzerth/pico-sdk/src/rp2_common/pico_stdio_usb/stdio_usb.c.obj
 .text.timer_task
                0x0000000010005c3c       0x54 CMakeFiles/firmware.dir/home/ryzerth/pico-sdk/src/rp2_common/pico_stdio_usb/stdio_usb.c.obj
 .text.stdio_usb_in_chars
                0x0000000010005c90       0x90 CMakeFiles/firmware.dir/home/ryzerth/pico-sdk/src/rp2_common/pico_stdio_usb/stdio_usb.c.obj
                0x0000000010005c90                stdio_usb_in_chars
 .text.stdio_usb_out_chars
                0x0000000010005d20      0x104 CMakeFiles/firmware.dir/home/ryzerth/pico-sdk/src/rp2_common/pico_stdio_usb/stdio_usb.c.obj
 .text.low_priority_worker_irq
                0x0000000010005e24       0xa8 CMakeFiles/firmware.dir/home/ryzerth/pico-sdk/src/rp2_common/pico_stdio_usb/stdio_usb.c.obj
 .text.tud_cdc_rx_cb
                0x0000000010005ecc       0x20 CMakeFiles/firmware.dir/home/ryzerth/pico-sdk/src/rp2_common/pico_stdio_usb/stdio_usb.c.obj
                0x0000000010005ecc                tud_cdc_rx_cb
 .text.stdio_usb_init
                0x0000000010005eec       0xe0 CMakeFiles/firmware.dir/home/ryzerth/pico-sdk/src/rp2_common/pico_stdio_usb/stdio_usb.c.obj
                0x0000000010005eec                stdio_usb_init
 .text.tud_descriptor_device_cb
                0x0000000010005fcc        0x8 CMakeFiles/firmware.dir/home/ryzerth/pico-sdk/src/rp2_common/pico_stdio_usb/stdio_usb_descriptors.c.obj
                0x0000000010005fcc                tud_descriptor_device_cb
 .text.tud_descriptor_configuration_cb
                0x0000000010005fd4        0x8 CMakeFiles/firmware.dir/home/ryzerth/pico-sdk/src/rp2_common/pico_stdio_usb/stdio_usb_descriptors.c.obj
                0x0000000010005fd4                tud_descriptor_configuration_cb
 .text.tud_descriptor_string_cb
                0x0000000010005fdc       0x78 CMakeFiles/firmware.dir/home/ryzerth/pico-sdk/src/rp2_common/pico_stdio_usb/stdio_usb_descriptors.c.obj
                0x0000000010005fdc                tud_descriptor_string_cb
 .text.startup._retrieve_unique_id_on_boot
                0x0000000010006054       0x10 CMakeFiles/firmware.dir/home/ryzerth/pico-sdk/src/rp2_common/pico_unique_id/unique_id.c.obj
 .text.pico_get_unique_board_id_string
                0x0000000010006064      0x1a8 CMakeFiles/firmware.dir/home/ryzerth/pico-sdk/src/rp2_common/pico_unique_id/unique_id.c.obj
                0x0000000010006064                pico_get_unique_board_id_string
 .text.flash_get_unique_id
                0x000000001000620c       0x40 CMakeFiles/firmware.dir/home/ryzerth/pico-sdk/src/rp2_common/hardware_flash/flash.c.obj
                0x000000001000620c                flash_get_unique_id
 .text.dcd_int_enable
                0x000000001000624c        0xc CMakeFiles/firmware.dir/home/ryzerth/pico-sdk/lib/tinyusb/src/portable/raspberrypi/rp2040/dcd_rp2040.c.obj
                0x000000001000624c                dcd_int_enable
 .text.dcd_set_address
                0x0000000010006258       0x14 CMakeFiles/firmware.dir/home/ryzerth/pico-sdk/lib/tinyusb/src/portable/raspberrypi/rp2040/dcd_rp2040.c.obj
                0x0000000010006258                dcd_set_address
 .text.dcd_connect
                0x000000001000626c       0x10 CMakeFiles/firmware.dir/home/ryzerth/pico-sdk/lib/tinyusb/src/portable/raspberrypi/rp2040/dcd_rp2040.c.obj
                0x000000001000626c                dcd_connect
 .text.dcd_init
                0x000000001000627c       0x98 CMakeFiles/firmware.dir/home/ryzerth/pico-sdk/lib/tinyusb/src/portable/raspberrypi/rp2040/dcd_rp2040.c.obj
                0x000000001000627c                dcd_init
 .text.dcd_edpt0_status_complete
                0x0000000010006314       0x1c CMakeFiles/firmware.dir/home/ryzerth/pico-sdk/lib/tinyusb/src/portable/raspberrypi/rp2040/dcd_rp2040.c.obj
                0x0000000010006314                dcd_edpt0_status_complete
 .text.dcd_edpt_open
                0x0000000010006330      0x108 CMakeFiles/firmware.dir/home/ryzerth/pico-sdk/lib/tinyusb/src/portable/raspberrypi/rp2040/dcd_rp2040.c.obj
                0x0000000010006330                dcd_edpt_open
 .text.dcd_edpt_close_all
                0x0000000010006438        0x8 CMakeFiles/firmware.dir/home/ryzerth/pico-sdk/lib/tinyusb/src/portable/raspberrypi/rp2040/dcd_rp2040.c.obj
                0x0000000010006438                dcd_edpt_close_all
 .text.dcd_edpt_xfer
                0x0000000010006440       0x24 CMakeFiles/firmware.dir/home/ryzerth/pico-sdk/lib/tinyusb/src/portable/raspberrypi/rp2040/dcd_rp2040.c.obj
                0x0000000010006440                dcd_edpt_xfer
 .text.dcd_edpt_stall
                0x0000000010006464       0x34 CMakeFiles/firmware.dir/home/ryzerth/pico-sdk/lib/tinyusb/src/portable/raspberrypi/rp2040/dcd_rp2040.c.obj
                0x0000000010006464                dcd_edpt_stall
 .text.dcd_edpt_clear_stall
                0x0000000010006498       0x30 CMakeFiles/firmware.dir/home/ryzerth/pico-sdk/lib/tinyusb/src/portable/raspberrypi/rp2040/dcd_rp2040.c.obj
                0x0000000010006498                dcd_edpt_clear_stall
 .text.rp2040_usb_init
                0x00000000100064c8       0x4c CMakeFiles/firmware.dir/home/ryzerth/pico-sdk/lib/tinyusb/src/portable/raspberrypi/rp2040/rp2040_usb.c.obj
                0x00000000100064c8                rp2040_usb_init
 .text.hw_endpoint_xfer_start
                0x0000000010006514       0x40 CMakeFiles/firmware.dir/home/ryzerth/pico-sdk/lib/tinyusb/src/portable/raspberrypi/rp2040/rp2040_usb.c.obj
                0x0000000010006514                hw_endpoint_xfer_start
 .text.tud_mounted
                0x0000000010006554       0x10 CMakeFiles/firmware.dir/home/ryzerth/pico-sdk/lib/tinyusb/src/device/usbd.c.obj
                0x0000000010006554                tud_mounted
 .text.tud_suspended
                0x0000000010006564       0x10 CMakeFiles/firmware.dir/home/ryzerth/pico-sdk/lib/tinyusb/src/device/usbd.c.obj
                0x0000000010006564                tud_suspended
 .text.tud_inited
                0x0000000010006574       0x14 CMakeFiles/firmware.dir/home/ryzerth/pico-sdk/lib/tinyusb/src/device/usbd.c.obj
                0x0000000010006574                tud_inited
 .text.tud_init
                0x0000000010006588       0xd8 CMakeFiles/firmware.dir/home/ryzerth/pico-sdk/lib/tinyusb/src/device/usbd.c.obj
                0x0000000010006588                tud_init
 .text.tud_task_ext
                0x0000000010006660      0x8a4 CMakeFiles/firmware.dir/home/ryzerth/pico-sdk/lib/tinyusb/src/device/usbd.c.obj
                0x0000000010006660                tud_task_ext
 .text.usbd_open_edpt_pair
                0x0000000010006f04       0x9c CMakeFiles/firmware.dir/home/ryzerth/pico-sdk/lib/tinyusb/src/device/usbd.c.obj
                0x0000000010006f04                usbd_open_edpt_pair
 .text.usbd_defer_func
                0x0000000010006fa0       0x48 CMakeFiles/firmware.dir/home/ryzerth/pico-sdk/lib/tinyusb/src/device/usbd.c.obj
                0x0000000010006fa0                usbd_defer_func
 .text.usbd_edpt_open
                0x0000000010006fe8       0x34 CMakeFiles/firmware.dir/home/ryzerth/pico-sdk/lib/tinyusb/src/device/usbd.c.obj
                0x0000000010006fe8                usbd_edpt_open
 .text.usbd_edpt_claim
                0x000000001000701c       0x28 CMakeFiles/firmware.dir/home/ryzerth/pico-sdk/lib/tinyusb/src/device/usbd.c.obj
                0x000000001000701c                usbd_edpt_claim
 .text.usbd_edpt_release
                0x0000000010007044       0x28 CMakeFiles/firmware.dir/home/ryzerth/pico-sdk/lib/tinyusb/src/device/usbd.c.obj
                0x0000000010007044                usbd_edpt_release
 .text.usbd_edpt_xfer
                0x000000001000706c       0x4c CMakeFiles/firmware.dir/home/ryzerth/pico-sdk/lib/tinyusb/src/device/usbd.c.obj
                0x000000001000706c                usbd_edpt_xfer
 .text.tud_control_status
                0x00000000100070b8       0x2c CMakeFiles/firmware.dir/home/ryzerth/pico-sdk/lib/tinyusb/src/device/usbd_control.c.obj
                0x00000000100070b8                tud_control_status
 .text.tud_control_xfer
                0x00000000100070e4       0xac CMakeFiles/firmware.dir/home/ryzerth/pico-sdk/lib/tinyusb/src/device/usbd_control.c.obj
                0x00000000100070e4                tud_control_xfer
 .text.usbd_control_reset
                0x0000000010007190       0x14 CMakeFiles/firmware.dir/home/ryzerth/pico-sdk/lib/tinyusb/src/device/usbd_control.c.obj
                0x0000000010007190                usbd_control_reset
 .text.usbd_control_set_complete_callback
                0x00000000100071a4        0xc CMakeFiles/firmware.dir/home/ryzerth/pico-sdk/lib/tinyusb/src/device/usbd_control.c.obj
                0x00000000100071a4                usbd_control_set_complete_callback
 .text.usbd_control_set_request
                0x00000000100071b0       0x1c CMakeFiles/firmware.dir/home/ryzerth/pico-sdk/lib/tinyusb/src/device/usbd_control.c.obj
                0x00000000100071b0                usbd_control_set_request
 .text.usbd_control_xfer_cb
                0x00000000100071cc       0xf4 CMakeFiles/firmware.dir/home/ryzerth/pico-sdk/lib/tinyusb/src/device/usbd_control.c.obj
                0x00000000100071cc                usbd_control_xfer_cb
 .text.tud_cdc_n_connected
                0x00000000100072c0       0x30 CMakeFiles/firmware.dir/home/ryzerth/pico-sdk/lib/tinyusb/src/class/cdc/cdc_device.c.obj
                0x00000000100072c0                tud_cdc_n_connected
 .text.tud_cdc_n_available
                0x00000000100072f0       0x18 CMakeFiles/firmware.dir/home/ryzerth/pico-sdk/lib/tinyusb/src/class/cdc/cdc_device.c.obj
                0x00000000100072f0                tud_cdc_n_available
 .text.tud_cdc_n_read
                0x0000000010007308       0x70 CMakeFiles/firmware.dir/home/ryzerth/pico-sdk/lib/tinyusb/src/class/cdc/cdc_device.c.obj
                0x0000000010007308                tud_cdc_n_read
 .text.tud_cdc_n_write_flush
                0x0000000010007378       0x78 CMakeFiles/firmware.dir/home/ryzerth/pico-sdk/lib/tinyusb/src/class/cdc/cdc_device.c.obj
                0x0000000010007378                tud_cdc_n_write_flush
 .text.tud_cdc_n_write
                0x00000000100073f0       0x34 CMakeFiles/firmware.dir/home/ryzerth/pico-sdk/lib/tinyusb/src/class/cdc/cdc_device.c.obj
                0x00000000100073f0                tud_cdc_n_write
 .text.tud_cdc_n_write_available
                0x0000000010007424       0x18 CMakeFiles/firmware.dir/home/ryzerth/pico-sdk/lib/tinyusb/src/class/cdc/cdc_device.c.obj
                0x0000000010007424                tud_cdc_n_write_available
 .text.cdcd_init
                0x000000001000743c       0x7c CMakeFiles/firmware.dir/home/ryzerth/pico-sdk/lib/tinyusb/src/class/cdc/cdc_device.c.obj
                0x000000001000743c                cdcd_init
 .text.cdcd_reset
                0x00000000100074b8       0x2c CMakeFiles/firmware.dir/home/ryzerth/pico-sdk/lib/tinyusb/src/class/cdc/cdc_device.c.obj
                0x00000000100074b8                cdcd_reset
 .text.cdcd_open
                0x00000000100074e4       0xe4 CMakeFiles/firmware.dir/home/ryzerth/pico-sdk/lib/tinyusb/src/class/cdc/cdc_device.c.obj
                0x00000000100074e4                cdcd_open
 .text.cdcd_control_xfer_cb
                0x00000000100075c8       0xe4 CMakeFiles/firmware.dir/home/ryzerth/pico-sdk/lib/tinyusb/src/class/cdc/cdc_device.c.obj
                0x00000000100075c8                cdcd_control_xfer_cb
 .text.cdcd_xfer_cb
                0x00000000100076ac      0x13c CMakeFiles/firmware.dir/home/ryzerth/pico-sdk/lib/tinyusb/src/class/cdc/cdc_device.c.obj
                0x00000000100076ac                cdcd_xfer_cb
 .text.tusb_init
                0x00000000100077e8        0xc CMakeFiles/firmware.dir/home/ryzerth/pico-sdk/lib/tinyusb/src/tusb.c.obj
                0x00000000100077e8                tusb_init
 .text.tusb_inited
                0x00000000100077f4        0x8 CMakeFiles/firmware.dir/home/ryzerth/pico-sdk/lib/tinyusb/src/tusb.c.obj
                0x00000000100077f4                tusb_inited
 .text.tu_edpt_claim
                0x00000000100077fc       0x50 CMakeFiles/firmware.dir/home/ryzerth/pico-sdk/lib/tinyusb/src/tusb.c.obj
                0x00000000100077fc                tu_edpt_claim
 .text.tu_edpt_release
                0x000000001000784c       0x38 CMakeFiles/firmware.dir/home/ryzerth/pico-sdk/lib/tinyusb/src/tusb.c.obj
                0x000000001000784c                tu_edpt_release
 .text.tu_edpt_validate
                0x0000000010007884       0x7c CMakeFiles/firmware.dir/home/ryzerth/pico-sdk/lib/tinyusb/src/tusb.c.obj
                0x0000000010007884                tu_edpt_validate
 .text.tu_edpt_bind_driver
                0x0000000010007900       0x34 CMakeFiles/firmware.dir/home/ryzerth/pico-sdk/lib/tinyusb/src/tusb.c.obj
                0x0000000010007900                tu_edpt_bind_driver
 .text.tu_fifo_config
                0x0000000010007934       0x6c CMakeFiles/firmware.dir/home/ryzerth/pico-sdk/lib/tinyusb/src/common/tusb_fifo.c.obj
                0x0000000010007934                tu_fifo_config
 .text.tu_fifo_count
                0x00000000100079a0       0x2c CMakeFiles/firmware.dir/home/ryzerth/pico-sdk/lib/tinyusb/src/common/tusb_fifo.c.obj
                0x00000000100079a0                tu_fifo_count
 .text.tu_fifo_empty
                0x00000000100079cc       0x10 CMakeFiles/firmware.dir/home/ryzerth/pico-sdk/lib/tinyusb/src/common/tusb_fifo.c.obj
                0x00000000100079cc                tu_fifo_empty
 .text.tu_fifo_remaining
                0x00000000100079dc       0x2c CMakeFiles/firmware.dir/home/ryzerth/pico-sdk/lib/tinyusb/src/common/tusb_fifo.c.obj
                0x00000000100079dc                tu_fifo_remaining
 .text.tu_fifo_read
                0x0000000010007a08       0x9c CMakeFiles/firmware.dir/home/ryzerth/pico-sdk/lib/tinyusb/src/common/tusb_fifo.c.obj
                0x0000000010007a08                tu_fifo_read
 .text.tu_fifo_read_n
                0x0000000010007aa4       0xe8 CMakeFiles/firmware.dir/home/ryzerth/pico-sdk/lib/tinyusb/src/common/tusb_fifo.c.obj
                0x0000000010007aa4                tu_fifo_read_n
 .text.tu_fifo_write
                0x0000000010007b8c       0x88 CMakeFiles/firmware.dir/home/ryzerth/pico-sdk/lib/tinyusb/src/common/tusb_fifo.c.obj
                0x0000000010007b8c                tu_fifo_write
 .text.tu_fifo_write_n
                0x0000000010007c14      0x178 CMakeFiles/firmware.dir/home/ryzerth/pico-sdk/lib/tinyusb/src/common/tusb_fifo.c.obj
                0x0000000010007c14                tu_fifo_write_n
 .text.tu_fifo_clear
                0x0000000010007d8c       0x40 CMakeFiles/firmware.dir/home/ryzerth/pico-sdk/lib/tinyusb/src/common/tusb_fifo.c.obj
                0x0000000010007d8c                tu_fifo_clear
 .text.tu_fifo_set_overwritable
                0x0000000010007dcc       0x48 CMakeFiles/firmware.dir/home/ryzerth/pico-sdk/lib/tinyusb/src/common/tusb_fifo.c.obj
                0x0000000010007dcc                tu_fifo_set_overwritable
 .text.spi_init
                0x0000000010007e14      0x150 CMakeFiles/firmware.dir/home/ryzerth/pico-sdk/src/rp2_common/hardware_spi/spi.c.obj
                0x0000000010007e14                spi_init
 .text.i2c_set_baudrate
                0x0000000010007f64       0xc4 CMakeFiles/firmware.dir/home/ryzerth/pico-sdk/src/rp2_common/hardware_i2c/i2c.c.obj
                0x0000000010007f64                i2c_set_baudrate
 .text.i2c_init
                0x0000000010008028       0x54 CMakeFiles/firmware.dir/home/ryzerth/pico-sdk/src/rp2_common/hardware_i2c/i2c.c.obj
                0x0000000010008028                i2c_init
 .text.i2c_write_blocking
                0x000000001000807c       0xd0 CMakeFiles/firmware.dir/home/ryzerth/pico-sdk/src/rp2_common/hardware_i2c/i2c.c.obj
                0x000000001000807c                i2c_write_blocking
 .text.i2c_read_blocking
                0x000000001000814c       0x90 CMakeFiles/firmware.dir/home/ryzerth/pico-sdk/src/rp2_common/hardware_i2c/i2c.c.obj
                0x000000001000814c                i2c_read_blocking
 .text.pio_add_program
                0x00000000100081dc       0xf0 CMakeFiles/firmware.dir/home/ryzerth/pico-sdk/src/rp2_common/hardware_pio/pio.c.obj
                0x00000000100081dc                pio_add_program
 .text.pio_sm_set_consecutive_pindirs
                0x00000000100082cc       0xa8 CMakeFiles/firmware.dir/home/ryzerth/pico-sdk/src/rp2_common/hardware_pio/pio.c.obj
                0x00000000100082cc                pio_sm_set_consecutive_pindirs
 .text.pio_sm_init
                0x0000000010008374       0x98 CMakeFiles/firmware.dir/home/ryzerth/pico-sdk/src/rp2_common/hardware_pio/pio.c.obj
                0x0000000010008374                pio_sm_init
 .text.atexit   0x000000001000840c       0x10 /usr/lib/gcc/arm-none-eabi/12.2.0/../../../../arm-none-eabi/lib/thumb/v6-m/nofp/libc.a(lib_a-atexit.o)
                0x000000001000840c                atexit
 .text.__libc_fini_array
                0x000000001000841c       0x28 /usr/lib/gcc/arm-none-eabi/12.2.0/../../../../arm-none-eabi/lib/thumb/v6-m/nofp/libc.a(lib_a-fini.o)
                0x000000001000841c                __libc_fini_array
 .text.strlen   0x0000000010008444       0x5c /usr/lib/gcc/arm-none-eabi/12.2.0/../../../../arm-none-eabi/lib/thumb/v6-m/nofp/libc.a(lib_a-strlen-stub.o)
                0x0000000010008444                strlen
 .text.__register_exitproc
                0x00000000100084a0       0xac /usr/lib/gcc/arm-none-eabi/12.2.0/../../../../arm-none-eabi/lib/thumb/v6-m/nofp/libc.a(lib_a-__atexit.o)
                0x00000000100084a0                __register_exitproc
 .text.startup.register_fini
                0x000000001000854c       0x18 /usr/lib/gcc/arm-none-eabi/12.2.0/../../../../arm-none-eabi/lib/thumb/v6-m/nofp/libc.a(lib_a-__call_atexit.o)
 .text.__retarget_lock_acquire_recursive
                0x0000000010008564        0x4 /usr/lib/gcc/arm-none-eabi/12.2.0/../../../../arm-none-eabi/lib/thumb/v6-m/nofp/libc.a(lib_a-lock.o)
                0x0000000010008564                __retarget_lock_acquire_recursive
 .text.__retarget_lock_release_recursive
                0x0000000010008568        0x4 /usr/lib/gcc/arm-none-eabi/12.2.0/../../../../arm-none-eabi/lib/thumb/v6-m/nofp/libc.a(lib_a-lock.o)
                0x0000000010008568                __retarget_lock_release_recursive
 *(.fini)
 .fini          0x000000001000856c        0x4 /usr/lib/gcc/arm-none-eabi/12.2.0/thumb/v6-m/nofp/crti.o
                0x000000001000856c                _fini
 .fini.__stub   0x0000000010008570       0xd0 linker stubs
 *crtbegin.o(.ctors)
 *crtbegin?.o(.ctors)
 *(EXCLUDE_FILE(*crtend.o *crtend?.o) .ctors)
 *(SORT_BY_NAME(.ctors.*))
 *(.ctors)
 *crtbegin.o(.dtors)
 *crtbegin?.o(.dtors)
 *(EXCLUDE_FILE(*crtend.o *crtend?.o) .dtors)
 *(SORT_BY_NAME(.dtors.*))
 *(.dtors)
 *(.eh_frame*)
 .eh_frame      0x0000000010008640        0x0 /usr/lib/gcc/arm-none-eabi/12.2.0/thumb/v6-m/nofp/crtbegin.o
                0x0000000010008640                . = ALIGN (0x4)

.glue_7         0x0000000010008640        0x0
 .glue_7        0x0000000010008640        0x0 linker stubs

.glue_7t        0x0000000010008640        0x0
 .glue_7t       0x0000000010008640        0x0 linker stubs

.vfp11_veneer   0x0000000010008640        0x0
 .vfp11_veneer  0x0000000010008640        0x0 linker stubs

.v4_bx          0x0000000010008640        0x0
 .v4_bx         0x0000000010008640        0x0 linker stubs

.iplt           0x0000000010008640        0x0
 .iplt          0x0000000010008640        0x0 /usr/lib/gcc/arm-none-eabi/12.2.0/thumb/v6-m/nofp/crtbegin.o

.rodata         0x0000000010008640      0x860
 *(EXCLUDE_FILE(*libm.a: *libc.a:*lib_a-mem*.o *libgcc.a:) .rodata*)
 .rodata.main.str1.4
                0x0000000010008640       0x17 CMakeFiles/firmware.dir/src/main.cpp.obj
 *fill*         0x0000000010008657        0x1 
 .rodata        0x0000000010008658       0x2c CMakeFiles/firmware.dir/src/main.cpp.obj
 .rodata._Z23airspy_r820t_write_initPKh.str1.4
                0x0000000010008684       0x26 CMakeFiles/firmware.dir/lib/r820t.cpp.obj
 *fill*         0x00000000100086aa        0x2 
 .rodata._Z17airspy_r820t_readP12r820t_priv_tPhh.str1.4
                0x00000000100086ac       0x15 CMakeFiles/firmware.dir/lib/r820t.cpp.obj
 *fill*         0x00000000100086c1        0x3 
 .rodata._ZL3lut
                0x00000000100086c4       0x10 CMakeFiles/firmware.dir/lib/r820t.cpp.obj
 .rodata._ZL11freq_to_idx
                0x00000000100086d4      0x258 CMakeFiles/firmware.dir/lib/r820t.cpp.obj
 .rodata._ZL11freq_ranges
                0x000000001000892c       0x3f CMakeFiles/firmware.dir/lib/r820t.cpp.obj
 *fill*         0x000000001000896b        0x1 
 .rodata._Z11ws2812_mainv.str1.4
                0x000000001000896c       0x20 CMakeFiles/firmware.dir/lib/ws2812/ws2812.cpp.obj
 .rodata._Z11ws2812_mainv
                0x000000001000898c       0x14 CMakeFiles/firmware.dir/lib/ws2812/ws2812.cpp.obj
 .rodata._ZL14ws2812_program
                0x00000000100089a0        0x6 CMakeFiles/firmware.dir/lib/ws2812/ws2812.cpp.obj
 *fill*         0x00000000100089a6        0x2 
 .rodata._ZL27ws2812_program_instructions
                0x00000000100089a8        0x8 CMakeFiles/firmware.dir/lib/ws2812/ws2812.cpp.obj
 .rodata.spin_lock_claim_unused.str1.4
                0x00000000100089b0       0x1b CMakeFiles/firmware.dir/home/ryzerth/pico-sdk/src/rp2_common/hardware_sync/sync.c.obj
 *fill*         0x00000000100089cb        0x1 
 .rodata.user_irq_claim_unused.str1.4
                0x00000000100089cc       0x1b CMakeFiles/firmware.dir/home/ryzerth/pico-sdk/src/rp2_common/hardware_irq/irq.c.obj
 *fill*         0x00000000100089e7        0x1 
 .rodata.hardware_alarm_claim.str1.4
                0x00000000100089e8       0x22 CMakeFiles/firmware.dir/home/ryzerth/pico-sdk/src/rp2_common/hardware_timer/timer.c.obj
 *fill*         0x0000000010008a0a        0x2 
 .rodata.panic.str1.4
                0x0000000010008a0c       0x12 CMakeFiles/firmware.dir/home/ryzerth/pico-sdk/src/rp2_common/pico_runtime/runtime.c.obj
 *fill*         0x0000000010008a1e        0x2 
 .rodata.hard_assertion_failure.str1.4
                0x0000000010008a20        0xc CMakeFiles/firmware.dir/home/ryzerth/pico-sdk/src/rp2_common/pico_runtime/runtime.c.obj
 .rodata._ftoa.str1.4
                0x0000000010008a2c       0x15 CMakeFiles/firmware.dir/home/ryzerth/pico-sdk/src/rp2_common/pico_printf/printf.c.obj
 *fill*         0x0000000010008a41        0x3 
 .rodata._vsnprintf
                0x0000000010008a44      0x19c CMakeFiles/firmware.dir/home/ryzerth/pico-sdk/src/rp2_common/pico_printf/printf.c.obj
 .rodata.pow10.0
                0x0000000010008be0       0x50 CMakeFiles/firmware.dir/home/ryzerth/pico-sdk/src/rp2_common/pico_printf/printf.c.obj
 .rodata.str1.4
                0x0000000010008c30       0x40 CMakeFiles/firmware.dir/home/ryzerth/pico-sdk/src/rp2_common/pico_standard_link/binary_info.c.obj
 .rodata.__bi_81
                0x0000000010008c70        0xc CMakeFiles/firmware.dir/home/ryzerth/pico-sdk/src/rp2_common/pico_standard_link/binary_info.c.obj
 .rodata.__bi_75
                0x0000000010008c7c        0xc CMakeFiles/firmware.dir/home/ryzerth/pico-sdk/src/rp2_common/pico_standard_link/binary_info.c.obj
 .rodata.__bi_44
                0x0000000010008c88        0xc CMakeFiles/firmware.dir/home/ryzerth/pico-sdk/src/rp2_common/pico_standard_link/binary_info.c.obj
 .rodata.crlf_str.0
                0x0000000010008c94        0x2 CMakeFiles/firmware.dir/home/ryzerth/pico-sdk/src/rp2_common/pico_stdio/stdio.c.obj
 *fill*         0x0000000010008c96        0x2 
 .rodata._resetd_driver
                0x0000000010008c98       0x18 CMakeFiles/firmware.dir/home/ryzerth/pico-sdk/src/rp2_common/pico_stdio_usb/reset_interface.c.obj
 .rodata.str1.4
                0x0000000010008cb0       0x13 CMakeFiles/firmware.dir/home/ryzerth/pico-sdk/src/rp2_common/pico_stdio_usb/stdio_usb.c.obj
 *fill*         0x0000000010008cc3        0x1 
 .rodata.__bi_182.0
                0x0000000010008cc4        0xc CMakeFiles/firmware.dir/home/ryzerth/pico-sdk/src/rp2_common/pico_stdio_usb/stdio_usb.c.obj
 .rodata.str1.4
                0x0000000010008cd0       0x2a CMakeFiles/firmware.dir/home/ryzerth/pico-sdk/src/rp2_common/pico_stdio_usb/stdio_usb_descriptors.c.obj
 *fill*         0x0000000010008cfa        0x2 
 .rodata.usbd_desc_str
                0x0000000010008cfc       0x18 CMakeFiles/firmware.dir/home/ryzerth/pico-sdk/src/rp2_common/pico_stdio_usb/stdio_usb_descriptors.c.obj
 .rodata.usbd_desc_cfg
                0x0000000010008d14       0x54 CMakeFiles/firmware.dir/home/ryzerth/pico-sdk/src/rp2_common/pico_stdio_usb/stdio_usb_descriptors.c.obj
 .rodata.usbd_desc_device
                0x0000000010008d68       0x12 CMakeFiles/firmware.dir/home/ryzerth/pico-sdk/src/rp2_common/pico_stdio_usb/stdio_usb_descriptors.c.obj
 *fill*         0x0000000010008d7a        0x2 
 .rodata.str1.4
                0x0000000010008d7c       0x14 CMakeFiles/firmware.dir/home/ryzerth/pico-sdk/lib/tinyusb/src/portable/raspberrypi/rp2040/dcd_rp2040.c.obj
 .rodata.str1.4
                0x0000000010008d90       0x53 CMakeFiles/firmware.dir/home/ryzerth/pico-sdk/lib/tinyusb/src/portable/raspberrypi/rp2040/rp2040_usb.c.obj
 *fill*         0x0000000010008de3        0x1 
 .rodata.tud_task_ext
                0x0000000010008de4       0x8c CMakeFiles/firmware.dir/home/ryzerth/pico-sdk/lib/tinyusb/src/device/usbd.c.obj
 .rodata._usbd_driver
                0x0000000010008e70       0x18 CMakeFiles/firmware.dir/home/ryzerth/pico-sdk/lib/tinyusb/src/device/usbd.c.obj
 .rodata.pio_add_program.str1.4
                0x0000000010008e88       0x11 CMakeFiles/firmware.dir/home/ryzerth/pico-sdk/src/rp2_common/hardware_pio/pio.c.obj
 *fill*         0x0000000010008e99        0x3 
 .rodata._global_impure_ptr
                0x0000000010008e9c        0x4 /usr/lib/gcc/arm-none-eabi/12.2.0/../../../../arm-none-eabi/lib/thumb/v6-m/nofp/libc.a(lib_a-impure.o)
                0x0000000010008e9c                _global_impure_ptr
                0x0000000010008ea0                . = ALIGN (0x4)
 *(SORT_BY_ALIGNMENT(SORT_BY_NAME(.flashdata*)))
                0x0000000010008ea0                . = ALIGN (0x4)

.ARM.extab
 *(.ARM.extab* .gnu.linkonce.armextab.*)
                0x0000000010008ea0                __exidx_start = .

.ARM.exidx
 *(.ARM.exidx* .gnu.linkonce.armexidx.*)
                0x0000000010008ea0                __exidx_end = .
                0x0000000010008ea0                . = ALIGN (0x4)
                0x0000000010008ea0                __binary_info_start = .

.binary_info    0x0000000010008ea0       0x20
 *(.binary_info.keep.*)
 .binary_info.keep.__bi_ptr81
                0x0000000010008ea0        0x4 CMakeFiles/firmware.dir/home/ryzerth/pico-sdk/src/rp2_common/pico_standard_link/binary_info.c.obj
 .binary_info.keep.__bi_ptr75
                0x0000000010008ea4        0x4 CMakeFiles/firmware.dir/home/ryzerth/pico-sdk/src/rp2_common/pico_standard_link/binary_info.c.obj
 .binary_info.keep.__bi_ptr50
                0x0000000010008ea8        0x4 CMakeFiles/firmware.dir/home/ryzerth/pico-sdk/src/rp2_common/pico_standard_link/binary_info.c.obj
 .binary_info.keep.__bi_ptr44
                0x0000000010008eac        0x4 CMakeFiles/firmware.dir/home/ryzerth/pico-sdk/src/rp2_common/pico_standard_link/binary_info.c.obj
 .binary_info.keep.__bi_ptr38
                0x0000000010008eb0        0x4 CMakeFiles/firmware.dir/home/ryzerth/pico-sdk/src/rp2_common/pico_standard_link/binary_info.c.obj
 .binary_info.keep.__bi_ptr30
                0x0000000010008eb4        0x4 CMakeFiles/firmware.dir/home/ryzerth/pico-sdk/src/rp2_common/pico_standard_link/binary_info.c.obj
 .binary_info.keep.__bi_ptr22
                0x0000000010008eb8        0x4 CMakeFiles/firmware.dir/home/ryzerth/pico-sdk/src/rp2_common/pico_standard_link/binary_info.c.obj
 *(.binary_info.*)
 .binary_info.__bi_ptr182
                0x0000000010008ebc        0x4 CMakeFiles/firmware.dir/home/ryzerth/pico-sdk/src/rp2_common/pico_stdio_usb/stdio_usb.c.obj
                0x0000000010008ec0                __binary_info_end = .

.rel.dyn        0x0000000010008ec0        0x0
 .rel.iplt      0x0000000010008ec0        0x0 /usr/lib/gcc/arm-none-eabi/12.2.0/thumb/v6-m/nofp/crtbegin.o
                0x0000000010008ec0                . = ALIGN (0x4)

.ram_vector_table
                0x0000000020000000       0xc0
 *(.ram_vector_table)
 .ram_vector_table
                0x0000000020000000       0xc0 CMakeFiles/firmware.dir/home/ryzerth/pico-sdk/src/rp2_common/pico_runtime/runtime.c.obj
                0x0000000020000000                ram_vector_table

.data           0x00000000200000c0    0x1d4b8 load address 0x0000000010008ec0
                0x00000000200000c0                __data_start__ = .
 *(vtable)
 *(.time_critical*)
 .time_critical.mutex_try_enter
                0x00000000200000c0       0x40 CMakeFiles/firmware.dir/home/ryzerth/pico-sdk/src/common/pico_sync/mutex.c.obj
                0x00000000200000c0                mutex_try_enter
 .time_critical.mutex_try_enter_block_until
                0x0000000020000100       0x9c CMakeFiles/firmware.dir/home/ryzerth/pico-sdk/src/common/pico_sync/mutex.c.obj
                0x0000000020000100                mutex_try_enter_block_until
 .time_critical.mutex_enter_timeout_ms
                0x000000002000019c       0x90 CMakeFiles/firmware.dir/home/ryzerth/pico-sdk/src/common/pico_sync/mutex.c.obj
                0x000000002000019c                mutex_enter_timeout_ms
 .time_critical.mutex_exit
                0x000000002000022c       0x28 CMakeFiles/firmware.dir/home/ryzerth/pico-sdk/src/common/pico_sync/mutex.c.obj
                0x000000002000022c                mutex_exit
 .time_critical.flash_init_boot2_copyout
                0x0000000020000254       0x30 CMakeFiles/firmware.dir/home/ryzerth/pico-sdk/src/rp2_common/hardware_flash/flash.c.obj
 .time_critical.flash_enable_xip_via_boot2
                0x0000000020000284        0xc CMakeFiles/firmware.dir/home/ryzerth/pico-sdk/src/rp2_common/hardware_flash/flash.c.obj
 .time_critical.flash_cs_force
                0x0000000020000290       0x38 CMakeFiles/firmware.dir/home/ryzerth/pico-sdk/src/rp2_common/hardware_flash/flash.c.obj
 .time_critical.flash_do_cmd
                0x00000000200002c8       0xc0 CMakeFiles/firmware.dir/home/ryzerth/pico-sdk/src/rp2_common/hardware_flash/flash.c.obj
                0x00000000200002c8                flash_do_cmd
 .time_critical.reset_non_control_endpoints
                0x0000000020000388       0x68 CMakeFiles/firmware.dir/home/ryzerth/pico-sdk/lib/tinyusb/src/portable/raspberrypi/rp2040/dcd_rp2040.c.obj
 .time_critical.hw_handle_buff_status
                0x00000000200003f0       0xac CMakeFiles/firmware.dir/home/ryzerth/pico-sdk/lib/tinyusb/src/portable/raspberrypi/rp2040/dcd_rp2040.c.obj
 .time_critical.dcd_rp2040_irq
                0x000000002000049c      0x510 CMakeFiles/firmware.dir/home/ryzerth/pico-sdk/lib/tinyusb/src/portable/raspberrypi/rp2040/dcd_rp2040.c.obj
 .time_critical.e15_is_bulkin_ep
                0x00000000200009ac       0x28 CMakeFiles/firmware.dir/home/ryzerth/pico-sdk/lib/tinyusb/src/portable/raspberrypi/rp2040/rp2040_usb.c.obj
 .time_critical.e15_is_critical_frame_period
                0x00000000200009d4       0x34 CMakeFiles/firmware.dir/home/ryzerth/pico-sdk/lib/tinyusb/src/portable/raspberrypi/rp2040/rp2040_usb.c.obj
 .time_critical.prepare_ep_buffer
                0x0000000020000a08       0x6c CMakeFiles/firmware.dir/home/ryzerth/pico-sdk/lib/tinyusb/src/portable/raspberrypi/rp2040/rp2040_usb.c.obj
 .time_critical.sync_ep_buffer
                0x0000000020000a74       0x48 CMakeFiles/firmware.dir/home/ryzerth/pico-sdk/lib/tinyusb/src/portable/raspberrypi/rp2040/rp2040_usb.c.obj
 .time_critical._hw_endpoint_xfer_sync
                0x0000000020000abc       0x28 CMakeFiles/firmware.dir/home/ryzerth/pico-sdk/lib/tinyusb/src/portable/raspberrypi/rp2040/rp2040_usb.c.obj
 .time_critical.hw_endpoint_reset_transfer
                0x0000000020000ae4        0xc CMakeFiles/firmware.dir/home/ryzerth/pico-sdk/lib/tinyusb/src/portable/raspberrypi/rp2040/rp2040_usb.c.obj
                0x0000000020000ae4                hw_endpoint_reset_transfer
 .time_critical._hw_endpoint_buffer_control_update32
                0x0000000020000af0       0x58 CMakeFiles/firmware.dir/home/ryzerth/pico-sdk/lib/tinyusb/src/portable/raspberrypi/rp2040/rp2040_usb.c.obj
                0x0000000020000af0                _hw_endpoint_buffer_control_update32
 .time_critical.hw_endpoint_start_next_buffer
                0x0000000020000b48       0x6c CMakeFiles/firmware.dir/home/ryzerth/pico-sdk/lib/tinyusb/src/portable/raspberrypi/rp2040/rp2040_usb.c.obj
                0x0000000020000b48                hw_endpoint_start_next_buffer
 .time_critical.hw_endpoint_xfer_continue
                0x0000000020000bb4       0x50 CMakeFiles/firmware.dir/home/ryzerth/pico-sdk/lib/tinyusb/src/portable/raspberrypi/rp2040/rp2040_usb.c.obj
                0x0000000020000bb4                hw_endpoint_xfer_continue
 .time_critical.tinyusb
                0x0000000020000c04      0x170 CMakeFiles/firmware.dir/home/ryzerth/pico-sdk/lib/tinyusb/src/device/usbd.c.obj
                0x0000000020000c04                dcd_event_handler
 .time_critical.spi_write_blocking
                0x0000000020000d74       0x4c CMakeFiles/firmware.dir/home/ryzerth/pico-sdk/src/rp2_common/hardware_spi/spi.c.obj
                0x0000000020000d74                spi_write_blocking
 *(.text*)
 .text          0x0000000020000dc0        0x4 /usr/lib/gcc/arm-none-eabi/12.2.0/thumb/v6-m/nofp/libgcc.a(_dvmd_tls.o)
                0x0000000020000dc0                __aeabi_ldiv0
                0x0000000020000dc0                __aeabi_idiv0
 *fill*         0x0000000020000dc4        0x4 
 .text.__stub   0x0000000020000dc8       0x70 linker stubs
                0x0000000020000e38                . = ALIGN (0x4)
 *(.rodata*)
                0x0000000020000e38                . = ALIGN (0x4)
 *(.data*)
 .data.parrots_bmp
                0x0000000020000e38    0x1c200 CMakeFiles/firmware.dir/src/parrots.cpp.obj
                0x0000000020000e38                parrots_bmp
 .data.r820t_state_standby
                0x000000002001d038        0x1 CMakeFiles/firmware.dir/lib/r820t.cpp.obj
                0x000000002001d038                r820t_state_standby
 .data.striped_spin_lock_num
                0x000000002001d039        0x1 CMakeFiles/firmware.dir/home/ryzerth/pico-sdk/src/rp2_common/hardware_sync/sync.c.obj
 *fill*         0x000000002001d03a        0x2 
 .data          0x000000002001d03c       0x48 CMakeFiles/firmware.dir/home/ryzerth/pico-sdk/src/rp2_common/hardware_irq/irq_handler_chain.S.obj
                0x000000002001d03c                irq_handler_chain_slots
                0x000000002001d06c                irq_handler_chain_first_slot
                0x000000002001d076                irq_handler_chain_remove_tail
 .data.default_alarm_pool
                0x000000002001d084       0x18 CMakeFiles/firmware.dir/home/ryzerth/pico-sdk/src/common/pico_time/time.c.obj
 .data.default_alarm_pool_heap
                0x000000002001d09c       0x10 CMakeFiles/firmware.dir/home/ryzerth/pico-sdk/src/common/pico_time/time.c.obj
 *fill*         0x000000002001d0ac        0x4 
 .data.aeabi_bits_funcs
                0x000000002001d0b0       0x10 CMakeFiles/firmware.dir/home/ryzerth/pico-sdk/src/rp2_common/pico_bit_ops/bit_ops_aeabi.S.obj
                0x000000002001d0b0                aeabi_bits_funcs
                0x000000002001d0c0                aeabi_bits_funcs_end
 .data.aeabi_mem_funcs
                0x000000002001d0c0       0x10 CMakeFiles/firmware.dir/home/ryzerth/pico-sdk/src/rp2_common/pico_mem_ops/mem_ops_aeabi.S.obj
                0x000000002001d0c0                aeabi_mem_funcs
                0x000000002001d0d0                aeabi_mem_funcs_end
 .data.stdio_usb
                0x000000002001d0d0       0x18 CMakeFiles/firmware.dir/home/ryzerth/pico-sdk/src/rp2_common/pico_stdio_usb/stdio_usb.c.obj
                0x000000002001d0d0                stdio_usb
 .data.ep_dir_string
                0x000000002001d0e8        0x8 CMakeFiles/firmware.dir/home/ryzerth/pico-sdk/lib/tinyusb/src/portable/raspberrypi/rp2040/rp2040_usb.c.obj
                0x000000002001d0e8                ep_dir_string
 .data._usbd_qdef
                0x000000002001d0f0       0x1c CMakeFiles/firmware.dir/home/ryzerth/pico-sdk/lib/tinyusb/src/device/usbd.c.obj
                0x000000002001d0f0                _usbd_qdef
 .data._usbd_rhport
                0x000000002001d10c        0x1 CMakeFiles/firmware.dir/home/ryzerth/pico-sdk/lib/tinyusb/src/device/usbd.c.obj
 *fill*         0x000000002001d10d        0x3 
 .data.i2c1_inst
                0x000000002001d110        0x8 CMakeFiles/firmware.dir/home/ryzerth/pico-sdk/src/rp2_common/hardware_i2c/i2c.c.obj
                0x000000002001d110                i2c1_inst
 .data.i2c0_inst
                0x000000002001d118        0x8 CMakeFiles/firmware.dir/home/ryzerth/pico-sdk/src/rp2_common/hardware_i2c/i2c.c.obj
                0x000000002001d118                i2c0_inst
 .data.impure_data
                0x000000002001d120      0x428 /usr/lib/gcc/arm-none-eabi/12.2.0/../../../../arm-none-eabi/lib/thumb/v6-m/nofp/libc.a(lib_a-impure.o)
 .data.__atexit_recursive_mutex
                0x000000002001d548        0x4 /usr/lib/gcc/arm-none-eabi/12.2.0/../../../../arm-none-eabi/lib/thumb/v6-m/nofp/libc.a(lib_a-__call_atexit.o)
                0x000000002001d548                __atexit_recursive_mutex
                0x000000002001d54c                . = ALIGN (0x4)
 *(.after_data.*)
                0x000000002001d54c                . = ALIGN (0x4)
                0x000000002001d54c                PROVIDE (__mutex_array_start = .)
 *(SORT_BY_NAME(.mutex_array.*))
 *(.mutex_array)
 .mutex_array   0x000000002001d54c        0x8 CMakeFiles/firmware.dir/home/ryzerth/pico-sdk/src/rp2_common/pico_malloc/pico_malloc.c.obj
 .mutex_array   0x000000002001d554        0x8 CMakeFiles/firmware.dir/home/ryzerth/pico-sdk/src/rp2_common/pico_stdio/stdio.c.obj
                0x000000002001d55c                PROVIDE (__mutex_array_end = .)
                0x000000002001d55c                . = ALIGN (0x4)
                0x000000002001d55c                PROVIDE (__preinit_array_start = .)
 *(SORT_BY_NAME(.preinit_array.*))
 .preinit_array.00001
                0x000000002001d55c        0x4 CMakeFiles/firmware.dir/home/ryzerth/pico-sdk/src/rp2_common/pico_mem_ops/mem_ops_aeabi.S.obj
 .preinit_array.00010
                0x000000002001d560        0x4 CMakeFiles/firmware.dir/home/ryzerth/pico-sdk/src/rp2_common/pico_bit_ops/bit_ops_aeabi.S.obj
 .preinit_array.00020
                0x000000002001d564        0x4 CMakeFiles/firmware.dir/home/ryzerth/pico-sdk/src/rp2_common/pico_double/double_aeabi.S.obj
 .preinit_array.00020
                0x000000002001d568        0x4 CMakeFiles/firmware.dir/home/ryzerth/pico-sdk/src/rp2_common/pico_float/float_aeabi.S.obj
 *(.preinit_array)
                0x000000002001d56c                PROVIDE (__preinit_array_end = .)
                0x000000002001d56c                . = ALIGN (0x4)
                0x000000002001d56c                PROVIDE (__init_array_start = .)
 *(SORT_BY_NAME(.init_array.*))
 .init_array.00000
                0x000000002001d56c        0x4 /usr/lib/gcc/arm-none-eabi/12.2.0/../../../../arm-none-eabi/lib/thumb/v6-m/nofp/libc.a(lib_a-__call_atexit.o)
 *(.init_array)
 .init_array    0x000000002001d570        0x4 /usr/lib/gcc/arm-none-eabi/12.2.0/thumb/v6-m/nofp/crtbegin.o
 .init_array    0x000000002001d574        0x4 CMakeFiles/firmware.dir/home/ryzerth/pico-sdk/src/rp2_common/pico_unique_id/unique_id.c.obj
                0x000000002001d578                PROVIDE (__init_array_end = .)
                0x000000002001d578                . = ALIGN (0x4)
                0x000000002001d578                PROVIDE (__fini_array_start = .)
 *(SORT_BY_NAME(.fini_array.*))
 *(.fini_array)
                0x000000002001d578                PROVIDE (__fini_array_end = .)
 *(.jcr)
                0x000000002001d578                . = ALIGN (0x4)
                0x000000002001d578                __data_end__ = .
                0x0000000010008ec0                __etext = LOADADDR (.data)

.igot.plt       0x000000002001d578        0x0 load address 0x0000000010026378
 .igot.plt      0x000000002001d578        0x0 /usr/lib/gcc/arm-none-eabi/12.2.0/thumb/v6-m/nofp/crtbegin.o

.uninitialized_data
                0x000000002001d578        0x0 load address 0x0000000010026378
                0x000000002001d578                . = ALIGN (0x4)
 *(.uninitialized_data*)

.scratch_x      0x0000000020040000        0x0 load address 0x0000000010026378
                0x0000000020040000                __scratch_x_start__ = .
 *(.scratch_x.*)
                0x0000000020040000                . = ALIGN (0x4)
                0x0000000020040000                __scratch_x_end__ = .
                0x0000000010026378                __scratch_x_source__ = LOADADDR (.scratch_x)

.scratch_y      0x0000000020041000        0x0 load address 0x0000000010026378
                0x0000000020041000                __scratch_y_start__ = .
 *(.scratch_y.*)
                0x0000000020041000                . = ALIGN (0x4)
                0x0000000020041000                __scratch_y_end__ = .
                0x0000000010026378                __scratch_y_source__ = LOADADDR (.scratch_y)

.bss            0x000000002001d578      0xdc0
                0x000000002001d578                . = ALIGN (0x4)
                0x000000002001d578                __bss_start__ = .
 *(SORT_BY_ALIGNMENT(SORT_BY_NAME(.bss*)))
 .bss.configured_freq
                0x000000002001d578       0x28 CMakeFiles/firmware.dir/home/ryzerth/pico-sdk/src/rp2_common/hardware_clocks/clocks.c.obj
 .bss.default_alarm_pool_entries
                0x000000002001d5a0      0x100 CMakeFiles/firmware.dir/home/ryzerth/pico-sdk/src/common/pico_time/time.c.obj
 .bss.last_avail_time.1
                0x000000002001d6a0        0x8 CMakeFiles/firmware.dir/home/ryzerth/pico-sdk/src/rp2_common/pico_stdio_usb/stdio_usb.c.obj
 .bss.sd_table  0x000000002001d6a8      0x100 CMakeFiles/firmware.dir/home/ryzerth/pico-sdk/src/rp2_common/pico_double/double_init_rom.c.obj
                0x000000002001d6a8                sd_table
 .bss.sf_table  0x000000002001d7a8      0x100 CMakeFiles/firmware.dir/home/ryzerth/pico-sdk/src/rp2_common/pico_float/float_init_rom.c.obj
                0x000000002001d7a8                sf_table
 .bss.__lock___atexit_recursive_mutex
                0x000000002001d8a8        0x1 /usr/lib/gcc/arm-none-eabi/12.2.0/../../../../arm-none-eabi/lib/thumb/v6-m/nofp/libc.a(lib_a-lock.o)
                0x000000002001d8a8                __lock___atexit_recursive_mutex
 *fill*         0x000000002001d8a9        0x3 
 .bss._app_driver
                0x000000002001d8ac        0x4 CMakeFiles/firmware.dir/home/ryzerth/pico-sdk/lib/tinyusb/src/device/usbd.c.obj
 .bss._cdcd_itf
                0x000000002001d8b0      0x2c8 CMakeFiles/firmware.dir/home/ryzerth/pico-sdk/lib/tinyusb/src/class/cdc/cdc_device.c.obj
 .bss._ctrl_xfer
                0x000000002001db78       0x14 CMakeFiles/firmware.dir/home/ryzerth/pico-sdk/lib/tinyusb/src/device/usbd_control.c.obj
 .bss._ubsd_mutexdef
                0x000000002001db8c        0x8 CMakeFiles/firmware.dir/home/ryzerth/pico-sdk/lib/tinyusb/src/device/usbd.c.obj
 .bss._usbd_ctrl_buf
                0x000000002001db94       0x40 CMakeFiles/firmware.dir/home/ryzerth/pico-sdk/lib/tinyusb/src/device/usbd_control.c.obj
 .bss._usbd_dev
                0x000000002001dbd4       0x53 CMakeFiles/firmware.dir/home/ryzerth/pico-sdk/lib/tinyusb/src/device/usbd.c.obj
 *fill*         0x000000002001dc27        0x1 
 .bss._usbd_mutex
                0x000000002001dc28        0x4 CMakeFiles/firmware.dir/home/ryzerth/pico-sdk/lib/tinyusb/src/device/usbd.c.obj
 .bss._usbd_q   0x000000002001dc2c        0x4 CMakeFiles/firmware.dir/home/ryzerth/pico-sdk/lib/tinyusb/src/device/usbd.c.obj
 .bss._usbd_qdef_buf
                0x000000002001dc30       0xc0 CMakeFiles/firmware.dir/home/ryzerth/pico-sdk/lib/tinyusb/src/device/usbd.c.obj
                0x000000002001dc30                _usbd_qdef_buf
 .bss._used_instruction_space
                0x000000002001dcf0        0x8 CMakeFiles/firmware.dir/home/ryzerth/pico-sdk/src/rp2_common/hardware_pio/pio.c.obj
 .bss.alarm_callbacks
                0x000000002001dcf8       0x10 CMakeFiles/firmware.dir/home/ryzerth/pico-sdk/src/rp2_common/hardware_timer/timer.c.obj
 .bss.boot2_copyout
                0x000000002001dd08      0x100 CMakeFiles/firmware.dir/home/ryzerth/pico-sdk/src/rp2_common/hardware_flash/flash.c.obj
 .bss.callbacks
                0x000000002001de08        0x8 CMakeFiles/firmware.dir/home/ryzerth/pico-sdk/src/rp2_common/hardware_gpio/gpio.c.obj
 .bss.chars_available_callback
                0x000000002001de10        0x4 CMakeFiles/firmware.dir/home/ryzerth/pico-sdk/src/rp2_common/pico_stdio_usb/stdio_usb.c.obj
 .bss.chars_available_param
                0x000000002001de14        0x4 CMakeFiles/firmware.dir/home/ryzerth/pico-sdk/src/rp2_common/pico_stdio_usb/stdio_usb.c.obj
 .bss.claimed   0x000000002001de18        0x4 CMakeFiles/firmware.dir/home/ryzerth/pico-sdk/src/rp2_common/hardware_sync/sync.c.obj
 .bss.counter   0x000000002001de1c        0x4 CMakeFiles/firmware.dir/src/main.cpp.obj
                0x000000002001de1c                counter
 .bss.default_alarm_pool_entry_ids_high
                0x000000002001de20       0x10 CMakeFiles/firmware.dir/home/ryzerth/pico-sdk/src/common/pico_time/time.c.obj
 .bss.default_alarm_pool_heap_nodes
                0x000000002001de30       0x30 CMakeFiles/firmware.dir/home/ryzerth/pico-sdk/src/common/pico_time/time.c.obj
 .bss.desc_str.0
                0x000000002001de60       0x28 CMakeFiles/firmware.dir/home/ryzerth/pico-sdk/src/rp2_common/pico_stdio_usb/stdio_usb_descriptors.c.obj
 .bss.drivers   0x000000002001de88        0x4 CMakeFiles/firmware.dir/home/ryzerth/pico-sdk/src/rp2_common/pico_stdio/stdio.c.obj
 .bss.e15_last_sof
                0x000000002001de8c        0x4 CMakeFiles/firmware.dir/home/ryzerth/pico-sdk/lib/tinyusb/src/portable/raspberrypi/rp2040/rp2040_usb.c.obj
                0x000000002001de8c                e15_last_sof
 .bss.filter    0x000000002001de90        0x4 CMakeFiles/firmware.dir/home/ryzerth/pico-sdk/src/rp2_common/pico_stdio/stdio.c.obj
 .bss.hw_endpoints
                0x000000002001de94      0x400 CMakeFiles/firmware.dir/home/ryzerth/pico-sdk/lib/tinyusb/src/portable/raspberrypi/rp2040/dcd_rp2040.c.obj
 .bss.lazy_vsnprintf
                0x000000002001e294        0x4 CMakeFiles/firmware.dir/home/ryzerth/pico-sdk/src/rp2_common/pico_printf/printf.c.obj
 .bss.lcd       0x000000002001e298       0x18 CMakeFiles/firmware.dir/src/main.cpp.obj
                0x000000002001e298                lcd
 .bss.load_value
                0x000000002001e2b0        0x4 CMakeFiles/firmware.dir/home/ryzerth/pico-sdk/src/rp2_common/hardware_watchdog/watchdog.c.obj
 .bss.next_buffer_ptr
                0x000000002001e2b4        0x4 CMakeFiles/firmware.dir/home/ryzerth/pico-sdk/lib/tinyusb/src/portable/raspberrypi/rp2040/dcd_rp2040.c.obj
 .bss.object.0  0x000000002001e2b8       0x18 /usr/lib/gcc/arm-none-eabi/12.2.0/thumb/v6-m/nofp/crtbegin.o
 .bss.one_shot_timer_crit_sec
                0x000000002001e2d0        0x8 CMakeFiles/firmware.dir/home/ryzerth/pico-sdk/src/rp2_common/pico_stdio_usb/stdio_usb.c.obj
 .bss.pools     0x000000002001e2d8       0x10 CMakeFiles/firmware.dir/home/ryzerth/pico-sdk/src/common/pico_time/time.c.obj
 .bss.raw_irq_mask
                0x000000002001e2e8        0x8 CMakeFiles/firmware.dir/home/ryzerth/pico-sdk/src/rp2_common/hardware_gpio/gpio.c.obj
 .bss.retrieved_id
                0x000000002001e2f0        0x8 CMakeFiles/firmware.dir/home/ryzerth/pico-sdk/src/rp2_common/pico_unique_id/unique_id.c.obj
 .bss.sf_clz_func
                0x000000002001e2f8        0x4 CMakeFiles/firmware.dir/home/ryzerth/pico-sdk/src/rp2_common/pico_double/double_init_rom.c.obj
                0x000000002001e2f8                sf_clz_func
 .bss.sleep_notifier
                0x000000002001e2fc        0x4 CMakeFiles/firmware.dir/home/ryzerth/pico-sdk/src/common/pico_time/time.c.obj
 .bss.stdio_usb_mutex
                0x000000002001e300        0x8 CMakeFiles/firmware.dir/home/ryzerth/pico-sdk/src/rp2_common/pico_stdio_usb/stdio_usb.c.obj
 .bss.target_hi
                0x000000002001e308       0x10 CMakeFiles/firmware.dir/home/ryzerth/pico-sdk/src/rp2_common/hardware_timer/timer.c.obj
 .bss.test      0x000000002001e318        0x4 CMakeFiles/firmware.dir/src/main.cpp.obj
                0x000000002001e318                test
 .bss.usbd_serial_str
                0x000000002001e31c       0x11 CMakeFiles/firmware.dir/home/ryzerth/pico-sdk/src/rp2_common/pico_stdio_usb/stdio_usb_descriptors.c.obj
 .bss._app_driver_count
                0x000000002001e32d        0x1 CMakeFiles/firmware.dir/home/ryzerth/pico-sdk/lib/tinyusb/src/device/usbd.c.obj
 .bss._sof_enable
                0x000000002001e32e        0x1 CMakeFiles/firmware.dir/home/ryzerth/pico-sdk/lib/tinyusb/src/portable/raspberrypi/rp2040/dcd_rp2040.c.obj
 .bss.boot2_copyout_valid
                0x000000002001e32f        0x1 CMakeFiles/firmware.dir/home/ryzerth/pico-sdk/src/rp2_common/hardware_flash/flash.c.obj
 .bss.claimed   0x000000002001e330        0x1 CMakeFiles/firmware.dir/home/ryzerth/pico-sdk/src/rp2_common/hardware_timer/timer.c.obj
 .bss.irq_hander_chain_free_slot_head
                0x000000002001e331        0x1 CMakeFiles/firmware.dir/home/ryzerth/pico-sdk/src/rp2_common/hardware_irq/irq.c.obj
 .bss.itf_num   0x000000002001e332        0x1 CMakeFiles/firmware.dir/home/ryzerth/pico-sdk/src/rp2_common/pico_stdio_usb/reset_interface.c.obj
 .bss.low_priority_irq_num
                0x000000002001e333        0x1 CMakeFiles/firmware.dir/home/ryzerth/pico-sdk/src/rp2_common/pico_stdio_usb/stdio_usb.c.obj
 .bss.one_shot_timer_pending
                0x000000002001e334        0x1 CMakeFiles/firmware.dir/home/ryzerth/pico-sdk/src/rp2_common/pico_stdio_usb/stdio_usb.c.obj
 .bss.timer_callbacks_pending
                0x000000002001e335        0x1 CMakeFiles/firmware.dir/home/ryzerth/pico-sdk/src/rp2_common/hardware_timer/timer.c.obj
 .bss.user_irq_claimed
                0x000000002001e336        0x1 CMakeFiles/firmware.dir/home/ryzerth/pico-sdk/src/rp2_common/hardware_irq/irq.c.obj
 *(COMMON)
                0x000000002001e338                . = ALIGN (0x4)
 *fill*         0x000000002001e337        0x1 
                0x000000002001e338                __bss_end__ = .

.heap           0x000000002001e338      0x800
                0x000000002001e338                __end__ = .
                0x000000002001e338                end = __end__
 *(.heap*)
 .heap          0x000000002001e338      0x800 CMakeFiles/firmware.dir/home/ryzerth/pico-sdk/src/rp2_common/pico_standard_link/crt0.S.obj
                0x000000002001eb38                __HeapLimit = .

.stack1_dummy   0x0000000020040000      0x800
 *(.stack1*)
 .stack1        0x0000000020040000      0x800 CMakeFiles/firmware.dir/home/ryzerth/pico-sdk/src/rp2_common/pico_multicore/multicore.c.obj

.stack_dummy    0x0000000020041000      0x800
 *(.stack*)
 .stack         0x0000000020041000      0x800 CMakeFiles/firmware.dir/home/ryzerth/pico-sdk/src/rp2_common/pico_standard_link/crt0.S.obj

.flash_end      0x0000000010026378        0x0
                0x0000000010026378                PROVIDE (__flash_binary_end = .)
                0x0000000020040000                __StackLimit = (ORIGIN (RAM) + LENGTH (RAM))
                0x0000000020041000                __StackOneTop = (ORIGIN (SCRATCH_X) + LENGTH (SCRATCH_X))
                0x0000000020042000                __StackTop = (ORIGIN (SCRATCH_Y) + LENGTH (SCRATCH_Y))
                0x0000000020040800                __StackOneBottom = (__StackOneTop - SIZEOF (.stack1_dummy))
                0x0000000020041800                __StackBottom = (__StackTop - SIZEOF (.stack_dummy))
                0x0000000020042000                PROVIDE (__stack = __StackTop)
                0x0000000000000001                ASSERT ((__StackLimit >= __HeapLimit), region RAM overflowed)
                0x0000000000000001                ASSERT (((__binary_info_header_end - __logical_binary_start) <= 0x100), Binary info must be in first 256 bytes of the binary)
LOAD CMakeFiles/firmware.dir/src/dsp_thread.cpp.obj
LOAD CMakeFiles/firmware.dir/src/main.cpp.obj
LOAD CMakeFiles/firmware.dir/src/parrots.cpp.obj
LOAD CMakeFiles/firmware.dir/lib/r820t.cpp.obj
LOAD CMakeFiles/firmware.dir/lib/st77xx.cpp.obj
LOAD CMakeFiles/firmware.dir/lib/tpl0401.cpp.obj
LOAD CMakeFiles/firmware.dir/lib/ws2812/ws2812.cpp.obj
LOAD CMakeFiles/firmware.dir/home/ryzerth/pico-sdk/src/rp2_common/pico_stdlib/stdlib.c.obj
LOAD CMakeFiles/firmware.dir/home/ryzerth/pico-sdk/src/rp2_common/hardware_gpio/gpio.c.obj
LOAD CMakeFiles/firmware.dir/home/ryzerth/pico-sdk/src/rp2_common/pico_platform/platform.c.obj
LOAD CMakeFiles/firmware.dir/home/ryzerth/pico-sdk/src/rp2_common/hardware_claim/claim.c.obj
LOAD CMakeFiles/firmware.dir/home/ryzerth/pico-sdk/src/rp2_common/hardware_sync/sync.c.obj
LOAD CMakeFiles/firmware.dir/home/ryzerth/pico-sdk/src/rp2_common/hardware_irq/irq.c.obj
LOAD CMakeFiles/firmware.dir/home/ryzerth/pico-sdk/src/rp2_common/hardware_irq/irq_handler_chain.S.obj
LOAD CMakeFiles/firmware.dir/home/ryzerth/pico-sdk/src/common/pico_sync/sem.c.obj
LOAD CMakeFiles/firmware.dir/home/ryzerth/pico-sdk/src/common/pico_sync/lock_core.c.obj
LOAD CMakeFiles/firmware.dir/home/ryzerth/pico-sdk/src/common/pico_sync/mutex.c.obj
LOAD CMakeFiles/firmware.dir/home/ryzerth/pico-sdk/src/common/pico_sync/critical_section.c.obj
LOAD CMakeFiles/firmware.dir/home/ryzerth/pico-sdk/src/common/pico_time/time.c.obj
LOAD CMakeFiles/firmware.dir/home/ryzerth/pico-sdk/src/common/pico_time/timeout_helper.c.obj
LOAD CMakeFiles/firmware.dir/home/ryzerth/pico-sdk/src/rp2_common/hardware_timer/timer.c.obj
LOAD CMakeFiles/firmware.dir/home/ryzerth/pico-sdk/src/common/pico_util/datetime.c.obj
LOAD CMakeFiles/firmware.dir/home/ryzerth/pico-sdk/src/common/pico_util/pheap.c.obj
LOAD CMakeFiles/firmware.dir/home/ryzerth/pico-sdk/src/common/pico_util/queue.c.obj
LOAD CMakeFiles/firmware.dir/home/ryzerth/pico-sdk/src/rp2_common/hardware_uart/uart.c.obj
LOAD CMakeFiles/firmware.dir/home/ryzerth/pico-sdk/src/rp2_common/hardware_clocks/clocks.c.obj
LOAD CMakeFiles/firmware.dir/home/ryzerth/pico-sdk/src/rp2_common/hardware_pll/pll.c.obj
LOAD CMakeFiles/firmware.dir/home/ryzerth/pico-sdk/src/rp2_common/hardware_vreg/vreg.c.obj